Archive member included to satisfy reference by file (symbol)

c:/ac6/systemworkbench/plugins/fr.ac6.mcu.externaltools.arm-none.win32_1.17.0.201812190825/tools/compiler/bin/../lib/gcc/arm-none-eabi/7.3.1/../../../../arm-none-eabi/lib/thumb/v7e-m/fpv4-sp/hard\libm.a(lib_a-w_pow.o)
                              MEMS/App/app_mems.o (pow)
c:/ac6/systemworkbench/plugins/fr.ac6.mcu.externaltools.arm-none.win32_1.17.0.201812190825/tools/compiler/bin/../lib/gcc/arm-none-eabi/7.3.1/../../../../arm-none-eabi/lib/thumb/v7e-m/fpv4-sp/hard\libm.a(lib_a-e_pow.o)
                              c:/ac6/systemworkbench/plugins/fr.ac6.mcu.externaltools.arm-none.win32_1.17.0.201812190825/tools/compiler/bin/../lib/gcc/arm-none-eabi/7.3.1/../../../../arm-none-eabi/lib/thumb/v7e-m/fpv4-sp/hard\libm.a(lib_a-w_pow.o) (__ieee754_pow)
c:/ac6/systemworkbench/plugins/fr.ac6.mcu.externaltools.arm-none.win32_1.17.0.201812190825/tools/compiler/bin/../lib/gcc/arm-none-eabi/7.3.1/../../../../arm-none-eabi/lib/thumb/v7e-m/fpv4-sp/hard\libm.a(lib_a-e_sqrt.o)
                              c:/ac6/systemworkbench/plugins/fr.ac6.mcu.externaltools.arm-none.win32_1.17.0.201812190825/tools/compiler/bin/../lib/gcc/arm-none-eabi/7.3.1/../../../../arm-none-eabi/lib/thumb/v7e-m/fpv4-sp/hard\libm.a(lib_a-e_pow.o) (__ieee754_sqrt)
c:/ac6/systemworkbench/plugins/fr.ac6.mcu.externaltools.arm-none.win32_1.17.0.201812190825/tools/compiler/bin/../lib/gcc/arm-none-eabi/7.3.1/../../../../arm-none-eabi/lib/thumb/v7e-m/fpv4-sp/hard\libm.a(lib_a-s_fabs.o)
                              c:/ac6/systemworkbench/plugins/fr.ac6.mcu.externaltools.arm-none.win32_1.17.0.201812190825/tools/compiler/bin/../lib/gcc/arm-none-eabi/7.3.1/../../../../arm-none-eabi/lib/thumb/v7e-m/fpv4-sp/hard\libm.a(lib_a-e_pow.o) (fabs)
c:/ac6/systemworkbench/plugins/fr.ac6.mcu.externaltools.arm-none.win32_1.17.0.201812190825/tools/compiler/bin/../lib/gcc/arm-none-eabi/7.3.1/../../../../arm-none-eabi/lib/thumb/v7e-m/fpv4-sp/hard\libm.a(lib_a-s_finite.o)
                              c:/ac6/systemworkbench/plugins/fr.ac6.mcu.externaltools.arm-none.win32_1.17.0.201812190825/tools/compiler/bin/../lib/gcc/arm-none-eabi/7.3.1/../../../../arm-none-eabi/lib/thumb/v7e-m/fpv4-sp/hard\libm.a(lib_a-w_pow.o) (finite)
c:/ac6/systemworkbench/plugins/fr.ac6.mcu.externaltools.arm-none.win32_1.17.0.201812190825/tools/compiler/bin/../lib/gcc/arm-none-eabi/7.3.1/../../../../arm-none-eabi/lib/thumb/v7e-m/fpv4-sp/hard\libm.a(lib_a-s_lib_ver.o)
                              c:/ac6/systemworkbench/plugins/fr.ac6.mcu.externaltools.arm-none.win32_1.17.0.201812190825/tools/compiler/bin/../lib/gcc/arm-none-eabi/7.3.1/../../../../arm-none-eabi/lib/thumb/v7e-m/fpv4-sp/hard\libm.a(lib_a-w_pow.o) (__fdlib_version)
c:/ac6/systemworkbench/plugins/fr.ac6.mcu.externaltools.arm-none.win32_1.17.0.201812190825/tools/compiler/bin/../lib/gcc/arm-none-eabi/7.3.1/../../../../arm-none-eabi/lib/thumb/v7e-m/fpv4-sp/hard\libm.a(lib_a-s_matherr.o)
                              c:/ac6/systemworkbench/plugins/fr.ac6.mcu.externaltools.arm-none.win32_1.17.0.201812190825/tools/compiler/bin/../lib/gcc/arm-none-eabi/7.3.1/../../../../arm-none-eabi/lib/thumb/v7e-m/fpv4-sp/hard\libm.a(lib_a-w_pow.o) (matherr)
c:/ac6/systemworkbench/plugins/fr.ac6.mcu.externaltools.arm-none.win32_1.17.0.201812190825/tools/compiler/bin/../lib/gcc/arm-none-eabi/7.3.1/../../../../arm-none-eabi/lib/thumb/v7e-m/fpv4-sp/hard\libm.a(lib_a-s_nan.o)
                              c:/ac6/systemworkbench/plugins/fr.ac6.mcu.externaltools.arm-none.win32_1.17.0.201812190825/tools/compiler/bin/../lib/gcc/arm-none-eabi/7.3.1/../../../../arm-none-eabi/lib/thumb/v7e-m/fpv4-sp/hard\libm.a(lib_a-e_pow.o) (nan)
c:/ac6/systemworkbench/plugins/fr.ac6.mcu.externaltools.arm-none.win32_1.17.0.201812190825/tools/compiler/bin/../lib/gcc/arm-none-eabi/7.3.1/../../../../arm-none-eabi/lib/thumb/v7e-m/fpv4-sp/hard\libm.a(lib_a-s_rint.o)
                              c:/ac6/systemworkbench/plugins/fr.ac6.mcu.externaltools.arm-none.win32_1.17.0.201812190825/tools/compiler/bin/../lib/gcc/arm-none-eabi/7.3.1/../../../../arm-none-eabi/lib/thumb/v7e-m/fpv4-sp/hard\libm.a(lib_a-w_pow.o) (rint)
c:/ac6/systemworkbench/plugins/fr.ac6.mcu.externaltools.arm-none.win32_1.17.0.201812190825/tools/compiler/bin/../lib/gcc/arm-none-eabi/7.3.1/../../../../arm-none-eabi/lib/thumb/v7e-m/fpv4-sp/hard\libm.a(lib_a-s_scalbn.o)
                              c:/ac6/systemworkbench/plugins/fr.ac6.mcu.externaltools.arm-none.win32_1.17.0.201812190825/tools/compiler/bin/../lib/gcc/arm-none-eabi/7.3.1/../../../../arm-none-eabi/lib/thumb/v7e-m/fpv4-sp/hard\libm.a(lib_a-e_pow.o) (scalbn)
c:/ac6/systemworkbench/plugins/fr.ac6.mcu.externaltools.arm-none.win32_1.17.0.201812190825/tools/compiler/bin/../lib/gcc/arm-none-eabi/7.3.1/../../../../arm-none-eabi/lib/thumb/v7e-m/fpv4-sp/hard\libm.a(lib_a-s_copysign.o)
[...]
Memory Configuration

Name             Origin             Length             Attributes
RAM              0x20000000         0x00018000         xrw
RAM2             0x10000000         0x00008000         xrw
FLASH            0x08000000         0x00100000         xr
*default*        0x00000000         0xffffffff

Linker script and memory map

LOAD c:/ac6/systemworkbench/plugins/fr.ac6.mcu.externaltools.arm-none.win32_1.17.0.201812190825/tools/compiler/bin/../lib/gcc/arm-none-eabi/7.3.1/thumb/v7e-m/fpv4-sp/hard/crti.o
LOAD c:/ac6/systemworkbench/plugins/fr.ac6.mcu.externaltools.arm-none.win32_1.17.0.201812190825/tools/compiler/bin/../lib/gcc/arm-none-eabi/7.3.1/thumb/v7e-m/fpv4-sp/hard/crtbegin.o
LOAD c:/ac6/systemworkbench/plugins/fr.ac6.mcu.externaltools.arm-none.win32_1.17.0.201812190825/tools/compiler/bin/../lib/gcc/arm-none-eabi/7.3.1/../../../../arm-none-eabi/lib/thumb/v7e-m/fpv4-sp/hard/crt0.o
LOAD Core/Src/main.o
LOAD Core/Src/stm32l4xx_hal_msp.o
LOAD Core/Src/stm32l4xx_it.o
LOAD Core/Src/stm32l4xx_nucleo_bus.o
LOAD Core/Src/syscalls.o
LOAD Core/Src/system_stm32l4xx.o
LOAD Drivers/BSP/Components/hts221/hts221.o
LOAD Drivers/BSP/Components/hts221/hts221_reg.o
LOAD Drivers/BSP/Components/lps22hb/lps22hb.o
LOAD Drivers/BSP/Components/lps22hb/lps22hb_reg.o
LOAD Drivers/BSP/Components/lsm303agr/lsm303agr.o
LOAD Drivers/BSP/Components/lsm303agr/lsm303agr_reg.o
LOAD Drivers/BSP/Components/lsm6dsl/lsm6dsl.o
LOAD Drivers/BSP/Components/lsm6dsl/lsm6dsl_reg.o
LOAD Drivers/BSP/IKS01A2/iks01a2_env_sensors.o
LOAD Drivers/BSP/IKS01A2/iks01a2_env_sensors_ex.o
LOAD Drivers/BSP/IKS01A2/iks01a2_motion_sensors.o
LOAD Drivers/BSP/IKS01A2/iks01a2_motion_sensors_ex.o
LOAD Drivers/BSP/STM32L4xx_Nucleo/stm32l4xx_nucleo.o
LOAD Drivers/STM32L4xx_HAL_Driver/Src/stm32l4xx_hal.o
LOAD Drivers/STM32L4xx_HAL_Driver/Src/stm32l4xx_hal_cortex.o
LOAD Drivers/STM32L4xx_HAL_Driver/Src/stm32l4xx_hal_dma.o
LOAD Drivers/STM32L4xx_HAL_Driver/Src/stm32l4xx_hal_dma_ex.o
LOAD Drivers/STM32L4xx_HAL_Driver/Src/stm32l4xx_hal_exti.o
LOAD Drivers/STM32L4xx_HAL_Driver/Src/stm32l4xx_hal_flash.o
LOAD Drivers/STM32L4xx_HAL_Driver/Src/stm32l4xx_hal_flash_ex.o
LOAD Drivers/STM32L4xx_HAL_Driver/Src/stm32l4xx_hal_flash_ramfunc.o
LOAD Drivers/STM32L4xx_HAL_Driver/Src/stm32l4xx_hal_gpio.o
LOAD Drivers/STM32L4xx_HAL_Driver/Src/stm32l4xx_hal_i2c.o
LOAD Drivers/STM32L4xx_HAL_Driver/Src/stm32l4xx_hal_i2c_ex.o
LOAD Drivers/STM32L4xx_HAL_Driver/Src/stm32l4xx_hal_pwr.o
LOAD Drivers/STM32L4xx_HAL_Driver/Src/stm32l4xx_hal_pwr_ex.o
LOAD Drivers/STM32L4xx_HAL_Driver/Src/stm32l4xx_hal_rcc.o
LOAD Drivers/STM32L4xx_HAL_Driver/Src/stm32l4xx_hal_rcc_ex.o
LOAD Drivers/STM32L4xx_HAL_Driver/Src/stm32l4xx_hal_tim.o
LOAD Drivers/STM32L4xx_HAL_Driver/Src/stm32l4xx_hal_tim_ex.o
LOAD Drivers/STM32L4xx_HAL_Driver/Src/stm32l4xx_hal_uart.o
LOAD Drivers/STM32L4xx_HAL_Driver/Src/stm32l4xx_hal_uart_ex.o
LOAD MEMS/App/app_mems.o
LOAD startup/startup_stm32l476xx.o
LOAD c:/ac6/systemworkbench/plugins/fr.ac6.mcu.externaltools.arm-none.win32_1.17.0.201812190825/tools/compiler/bin/../lib/gcc/arm-none-eabi/7.3.1/../../../../arm-none-eabi/lib/thumb/v7e-m/fpv4-sp/hard\libm.a
START GROUP
LOAD c:/ac6/systemworkbench/plugins/fr.ac6.mcu.externaltools.arm-none.win32_1.17.0.201812190825/tools/compiler/bin/../lib/gcc/arm-none-eabi/7.3.1/thumb/v7e-m/fpv4-sp/hard\libgcc.a
LOAD c:/ac6/systemworkbench/plugins/fr.ac6.mcu.externaltools.arm-none.win32_1.17.0.201812190825/tools/compiler/bin/../lib/gcc/arm-none-eabi/7.3.1/../../../../arm-none-eabi/lib/thumb/v7e-m/fpv4-sp/hard\libc_nano.a
END GROUP
START GROUP
LOAD c:/ac6/systemworkbench/plugins/fr.ac6.mcu.externaltools.arm-none.win32_1.17.0.201812190825/tools/compiler/bin/../lib/gcc/arm-none-eabi/7.3.1/thumb/v7e-m/fpv4-sp/hard\libgcc.a
LOAD c:/ac6/systemworkbench/plugins/fr.ac6.mcu.externaltools.arm-none.win32_1.17.0.201812190825/tools/compiler/bin/../lib/gcc/arm-none-eabi/7.3.1/../../../../arm-none-eabi/lib/thumb/v7e-m/fpv4-sp/hard\libc_nano.a
LOAD c:/ac6/systemworkbench/plugins/fr.ac6.mcu.externaltools.arm-none.win32_1.17.0.201812190825/tools/compiler/bin/../lib/gcc/arm-none-eabi/7.3.1/../../../../arm-none-eabi/lib/thumb/v7e-m/fpv4-sp/hard\libnosys.a
END GROUP
START GROUP
LOAD c:/ac6/systemworkbench/plugins/fr.ac6.mcu.externaltools.arm-none.win32_1.17.0.201812190825/tools/compiler/bin/../lib/gcc/arm-none-eabi/7.3.1/thumb/v7e-m/fpv4-sp/hard\libgcc.a
LOAD c:/ac6/systemworkbench/plugins/fr.ac6.mcu.externaltools.arm-none.win32_1.17.0.201812190825/tools/compiler/bin/../lib/gcc/arm-none-eabi/7.3.1/../../../../arm-none-eabi/lib/thumb/v7e-m/fpv4-sp/hard\libc_nano.a
LOAD c:/ac6/systemworkbench/plugins/fr.ac6.mcu.externaltools.arm-none.win32_1.17.0.201812190825/tools/compiler/bin/../lib/gcc/arm-none-eabi/7.3.1/../../../../arm-none-eabi/lib/thumb/v7e-m/fpv4-sp/hard\libnosys.a
END GROUP
LOAD c:/ac6/systemworkbench/plugins/fr.ac6.mcu.externaltools.arm-none.win32_1.17.0.201812190825/tools/compiler/bin/../lib/gcc/arm-none-eabi/7.3.1/thumb/v7e-m/fpv4-sp/hard/crtend.o
LOAD c:/ac6/systemworkbench/plugins/fr.ac6.mcu.externaltools.arm-none.win32_1.17.0.201812190825/tools/compiler/bin/../lib/gcc/arm-none-eabi/7.3.1/thumb/v7e-m/fpv4-sp/hard/crtn.o
                0x20018000                _estack = 0x20018000
                0x00000200                _Min_Heap_Size = 0x200
                0x00000400                _Min_Stack_Size = 0x400

.isr_vector     0x08000000      0x188
                0x08000000                . = ALIGN (0x8)
 *(.isr_vector)
 .isr_vector    0x08000000      0x188 startup/startup_stm32l476xx.o
                0x08000000                g_pfnVectors
                0x08000188                . = ALIGN (0x8)

.text           0x08000190     0x9b00
                0x08000190                . = ALIGN (0x8)
 *(.text)
 .text          0x08000190       0x40 c:/ac6/systemworkbench/plugins/fr.ac6.mcu.externaltools.arm-none.win32_1.17.0.201812190825/tools/compiler/bin/../lib/gcc/arm-none-eabi/7.3.1/thumb/v7e-m/fpv4-sp/hard/crtbegin.o
 .text          0x080001d0      0x378 c:/ac6/systemworkbench/plugins/fr.ac6.mcu.externaltools.arm-none.win32_1.17.0.201812190825/tools/compiler/bin/../lib/gcc/arm-none-eabi/7.3.1/thumb/v7e-m/fpv4-sp/hard\libgcc.a(_arm_addsubdf3.o)
                0x080001d0                __aeabi_drsub
                0x080001d8                __aeabi_dsub
                0x080001d8                __subdf3
                0x080001dc                __aeabi_dadd
                0x080001dc                __adddf3
                0x08000454                __floatunsidf
                0x08000454                __aeabi_ui2d
                0x08000474                __floatsidf
                0x08000474                __aeabi_i2d
                0x08000498                __aeabi_f2d
                0x08000498                __extendsfdf2
                0x080004dc                __floatundidf
                0x080004dc                __aeabi_ul2d
                0x080004ec                __floatdidf
                0x080004ec                __aeabi_l2d
 .text          0x08000548      0x424 c:/ac6/systemworkbench/plugins/fr.ac6.mcu.externaltools.arm-none.win32_1.17.0.201812190825/tools/compiler/bin/../lib/gcc/arm-none-eabi/7.3.1/thumb/v7e-m/fpv4-sp/hard\libgcc.a(_arm_muldivdf3.o)
                0x08000548                __aeabi_dmul
                0x08000548                __muldf3
                0x0800079c                __divdf3
                0x0800079c                __aeabi_ddiv
 .text          0x0800096c      0x110 c:/ac6/systemworkbench/plugins/fr.ac6.mcu.externaltools.arm-none.win32_1.17.0.201812190825/tools/compiler/bin/../lib/gcc/arm-none-eabi/7.3.1/thumb/v7e-m/fpv4-sp/hard\libgcc.a(_arm_cmpdf2.o)
                0x0800096c                __gtdf2
                0x0800096c                __gedf2
                0x08000974                __ltdf2
                0x08000974                __ledf2
                0x0800097c                __nedf2
                0x0800097c                __eqdf2
                0x0800097c                __cmpdf2
                0x080009f8                __aeabi_cdrcmple
                0x08000a08                __aeabi_cdcmpeq
                0x08000a08                __aeabi_cdcmple
                0x08000a18                __aeabi_dcmpeq
                0x08000a2c                __aeabi_dcmplt
                0x08000a40                __aeabi_dcmple
                0x08000a54                __aeabi_dcmpge
                0x08000a68                __aeabi_dcmpgt
 .text          0x08000a7c       0x2c c:/ac6/systemworkbench/plugins/fr.ac6.mcu.externaltools.arm-none.win32_1.17.0.201812190825/tools/compiler/bin/../lib/gcc/arm-none-eabi/7.3.1/thumb/v7e-m/fpv4-sp/hard\libgcc.a(_arm_unorddf2.o)
                0x08000a7c                __unorddf2
                0x08000a7c                __aeabi_dcmpun
 .text          0x08000aa8       0x50 c:/ac6/systemworkbench/plugins/fr.ac6.mcu.externaltools.arm-none.win32_1.17.0.201812190825/tools/compiler/bin/../lib/gcc/arm-none-eabi/7.3.1/thumb/v7e-m/fpv4-sp/hard\libgcc.a(_arm_fixdfsi.o)
                0x08000aa8                __aeabi_d2iz
                0x08000aa8                __fixdfsi
 .text          0x08000af8       0xa0 c:/ac6/systemworkbench/plugins/fr.ac6.mcu.externaltools.arm-none.win32_1.17.0.201812190825/tools/compiler/bin/../lib/gcc/arm-none-eabi/7.3.1/thumb/v7e-m/fpv4-sp/hard\libgcc.a(_arm_truncdfsf2.o)
                0x08000af8                __truncdfsf2
                0x08000af8                __aeabi_d2f
 .text          0x08000b98       0x30 c:/ac6/systemworkbench/plugins/fr.ac6.mcu.externaltools.arm-none.win32_1.17.0.201812190825/tools/compiler/bin/../lib/gcc/arm-none-eabi/7.3.1/thumb/v7e-m/fpv4-sp/hard\libgcc.a(_aeabi_uldivmod.o)
                0x08000b98                __aeabi_uldivmod
 .text          0x08000bc8      0x2cc c:/ac6/systemworkbench/plugins/fr.ac6.mcu.externaltools.arm-none.win32_1.17.0.201812190825/tools/compiler/bin/../lib/gcc/arm-none-eabi/7.3.1/thumb/v7e-m/fpv4-sp/hard\libgcc.a(_udivmoddi4.o)
                0x08000bc8                __udivmoddi4
 .text          0x08000e94        0x4 c:/ac6/systemworkbench/plugins/fr.ac6.mcu.externaltools.arm-none.win32_1.17.0.201812190825/tools/compiler/bin/../lib/gcc/arm-none-eabi/7.3.1/thumb/v7e-m/fpv4-sp/hard\libgcc.a(_dvmd_tls.o)
                0x08000e94                __aeabi_idiv0
                0x08000e94                __aeabi_ldiv0
 *fill*         0x08000e98        0x8 
 .text          0x08000ea0       0xa0 c:/ac6/systemworkbench/plugins/fr.ac6.mcu.externaltools.arm-none.win32_1.17.0.201812190825/tools/compiler/bin/../lib/gcc/arm-none-eabi/7.3.1/../../../../arm-none-eabi/lib/thumb/v7e-m/fpv4-sp/hard\libc_nano.a(lib_a-memchr.o)
                0x08000ea0                memchr
 *(.text*)
 .text.MX_GPIO_Init
                0x08000f40       0xa8 Core/Src/main.o
 .text.Error_Handler
                0x08000fe8        0x4 Core/Src/main.o
                0x08000fe8                Error_Handler
 .text.SystemClock_Config
                0x08000fec       0x98 Core/Src/main.o
                0x08000fec                SystemClock_Config
 .text.main     0x08001084       0x18 Core/Src/main.o
                0x08001084                main
 .text.HAL_MspInit
                0x0800109c       0x30 Core/Src/stm32l4xx_hal_msp.o
                0x0800109c                HAL_MspInit
 .text.NMI_Handler
                0x080010cc        0x2 Core/Src/stm32l4xx_it.o
                0x080010cc                NMI_Handler
 .text.HardFault_Handler
                0x080010ce        0x2 Core/Src/stm32l4xx_it.o
                0x080010ce                HardFault_Handler
 .text.MemManage_Handler
                0x080010d0        0x2 Core/Src/stm32l4xx_it.o
                0x080010d0                MemManage_Handler
 .text.BusFault_Handler
                0x080010d2        0x2 Core/Src/stm32l4xx_it.o
                0x080010d2                BusFault_Handler
 .text.UsageFault_Handler
                0x080010d4        0x2 Core/Src/stm32l4xx_it.o
                0x080010d4                UsageFault_Handler
 .text.SVC_Handler
                0x080010d6        0x2 Core/Src/stm32l4xx_it.o
                0x080010d6                SVC_Handler
 .text.DebugMon_Handler
                0x080010d8        0x2 Core/Src/stm32l4xx_it.o
                0x080010d8                DebugMon_Handler
 .text.PendSV_Handler
                0x080010da        0x2 Core/Src/stm32l4xx_it.o
                0x080010da                PendSV_Handler
 .text.SysTick_Handler
                0x080010dc        0x8 Core/Src/stm32l4xx_it.o
                0x080010dc                SysTick_Handler
 .text.EXTI4_IRQHandler
                0x080010e4        0xa Core/Src/stm32l4xx_it.o
                0x080010e4                EXTI4_IRQHandler
 .text.EXTI9_5_IRQHandler
                0x080010ee        0xa Core/Src/stm32l4xx_it.o
                0x080010ee                EXTI9_5_IRQHandler
 .text.EXTI15_10_IRQHandler
                0x080010f8       0x18 Core/Src/stm32l4xx_it.o
                0x080010f8                EXTI15_10_IRQHandler
 .text.I2C1_MspInit
                0x08001110       0x7c Core/Src/stm32l4xx_nucleo_bus.o
 .text.I2C1_MspDeInit
                0x0800118c       0x2c Core/Src/stm32l4xx_nucleo_bus.o
 .text.BSP_I2C1_DeInit
                0x080011b8       0x38 Core/Src/stm32l4xx_nucleo_bus.o
                0x080011b8                BSP_I2C1_DeInit
 .text.BSP_I2C1_WriteReg
                0x080011f0       0x3c Core/Src/stm32l4xx_nucleo_bus.o
                0x080011f0                BSP_I2C1_WriteReg
 .text.BSP_I2C1_ReadReg
                0x0800122c       0x3c Core/Src/stm32l4xx_nucleo_bus.o
                0x0800122c                BSP_I2C1_ReadReg
 .text.BSP_GetTick
                0x08001268        0x8 Core/Src/stm32l4xx_nucleo_bus.o
                0x08001268                BSP_GetTick
 .text.MX_I2C1_Init
                0x08001270       0x4c Core/Src/stm32l4xx_nucleo_bus.o
                0x08001270                MX_I2C1_Init
 .text.BSP_I2C1_Init
                0x080012bc       0x58 Core/Src/stm32l4xx_nucleo_bus.o
                0x080012bc                BSP_I2C1_Init
 .text._read    0x08001314       0x1c Core/Src/syscalls.o
                0x08001314                _read
 .text._write   0x08001330       0x1c Core/Src/syscalls.o
                0x08001330                _write
 .text._sbrk    0x0800134c       0x3c Core/Src/syscalls.o
                0x0800134c                _sbrk
 .text._close   0x08001388        0x6 Core/Src/syscalls.o
                0x08001388                _close
 .text._fstat   0x0800138e        0xa Core/Src/syscalls.o
                0x0800138e                _fstat
 .text._isatty  0x08001398        0x4 Core/Src/syscalls.o
                0x08001398                _isatty
 .text._lseek   0x0800139c        0x4 Core/Src/syscalls.o
                0x0800139c                _lseek
 .text.SystemInit
                0x080013a0       0x48 Core/Src/system_stm32l4xx.o
                0x080013a0                SystemInit
 .text.HTS221_GetCapabilities
                0x080013e8       0x1c Drivers/BSP/Components/hts221/hts221.o
                0x080013e8                HTS221_GetCapabilities
 .text.Linear_Interpolation
                0x08001404       0x32 Drivers/BSP/Components/hts221/hts221.o
 .text.ReadRegWrap
                0x08001436       0x1e Drivers/BSP/Components/hts221/hts221.o
 .text.WriteRegWrap
                0x08001454       0x1e Drivers/BSP/Components/hts221/hts221.o
 .text.HTS221_HUM_Enable
                0x08001472       0x32 Drivers/BSP/Components/hts221/hts221.o
                0x08001472                HTS221_HUM_Enable
 .text.HTS221_HUM_Disable
                0x080014a4       0x2e Drivers/BSP/Components/hts221/hts221.o
                0x080014a4                HTS221_HUM_Disable
 .text.HTS221_TEMP_Enable
                0x080014d2       0x32 Drivers/BSP/Components/hts221/hts221.o
                0x080014d2                HTS221_TEMP_Enable
 .text.HTS221_TEMP_Disable
                0x08001504       0x2e Drivers/BSP/Components/hts221/hts221.o
                0x08001504                HTS221_TEMP_Disable
 .text.HTS221_DeInit
                0x08001532       0x30 Drivers/BSP/Components/hts221/hts221.o
                0x08001532                HTS221_DeInit
 .text.HTS221_SetOutputDataRate
                0x08001562       0x3c Drivers/BSP/Components/hts221/hts221.o
 .text.HTS221_Initialize
                0x0800159e       0x40 Drivers/BSP/Components/hts221/hts221.o
 .text.HTS221_Init
                0x080015de       0x22 Drivers/BSP/Components/hts221/hts221.o
                0x080015de                HTS221_Init
 .text.HTS221_HUM_SetOutputDataRate
                0x08001600        0x8 Drivers/BSP/Components/hts221/hts221.o
                0x08001600                HTS221_HUM_SetOutputDataRate
 .text.HTS221_TEMP_SetOutputDataRate
                0x08001608        0x8 Drivers/BSP/Components/hts221/hts221.o
                0x08001608                HTS221_TEMP_SetOutputDataRate
 .text.HTS221_ReadID
                0x08001610       0x16 Drivers/BSP/Components/hts221/hts221.o
                0x08001610                HTS221_ReadID
 *fill*         0x08001626        0x2 
 .text.HTS221_GetOutputDataRate
                0x08001628       0x58 Drivers/BSP/Components/hts221/hts221.o
 .text.HTS221_HUM_GetOutputDataRate
                0x08001680        0x8 Drivers/BSP/Components/hts221/hts221.o
                0x08001680                HTS221_HUM_GetOutputDataRate
 .text.HTS221_TEMP_GetOutputDataRate
                0x08001688        0x8 Drivers/BSP/Components/hts221/hts221.o
                0x08001688                HTS221_TEMP_GetOutputDataRate
 .text.HTS221_HUM_GetHumidity
                0x08001690       0xa8 Drivers/BSP/Components/hts221/hts221.o
                0x08001690                HTS221_HUM_GetHumidity
 .text.HTS221_TEMP_GetTemperature
                0x08001738       0x7e Drivers/BSP/Components/hts221/hts221.o
                0x08001738                HTS221_TEMP_GetTemperature
 *fill*         0x080017b6        0x2 
 .text.HTS221_RegisterBusIO
                0x080017b8       0x48 Drivers/BSP/Components/hts221/hts221.o
                0x080017b8                HTS221_RegisterBusIO
 .text.hts221_read_reg
                0x08001800        0xa Drivers/BSP/Components/hts221/hts221_reg.o
                0x08001800                hts221_read_reg
 .text.hts221_write_reg
                0x0800180a        0xa Drivers/BSP/Components/hts221/hts221_reg.o
                0x0800180a                hts221_write_reg
 .text.hts221_data_rate_set
                0x08001814       0x38 Drivers/BSP/Components/hts221/hts221_reg.o
                0x08001814                hts221_data_rate_set
 .text.hts221_data_rate_get
                0x0800184c       0x44 Drivers/BSP/Components/hts221/hts221_reg.o
                0x0800184c                hts221_data_rate_get
 .text.hts221_block_data_update_set
                0x08001890       0x38 Drivers/BSP/Components/hts221/hts221_reg.o
                0x08001890                hts221_block_data_update_set
 .text.hts221_humidity_raw_get
                0x080018c8       0x22 Drivers/BSP/Components/hts221/hts221_reg.o
                0x080018c8                hts221_humidity_raw_get
 .text.hts221_temperature_raw_get
                0x080018ea       0x22 Drivers/BSP/Components/hts221/hts221_reg.o
                0x080018ea                hts221_temperature_raw_get
 .text.hts221_device_id_get
                0x0800190c        0xe Drivers/BSP/Components/hts221/hts221_reg.o
                0x0800190c                hts221_device_id_get
 .text.hts221_power_on_set
                0x0800191a       0x38 Drivers/BSP/Components/hts221/hts221_reg.o
                0x0800191a                hts221_power_on_set
 .text.hts221_hum_rh_point_0_get
                0x08001952       0x2e Drivers/BSP/Components/hts221/hts221_reg.o
                0x08001952                hts221_hum_rh_point_0_get
 .text.hts221_hum_rh_point_1_get
                0x08001980       0x2e Drivers/BSP/Components/hts221/hts221_reg.o
                0x08001980                hts221_hum_rh_point_1_get
 .text.hts221_temp_deg_point_0_get
                0x080019ae       0x52 Drivers/BSP/Components/hts221/hts221_reg.o
                0x080019ae                hts221_temp_deg_point_0_get
 .text.hts221_temp_deg_point_1_get
                0x08001a00       0x52 Drivers/BSP/Components/hts221/hts221_reg.o
                0x08001a00                hts221_temp_deg_point_1_get
 .text.hts221_hum_adc_point_0_get
                0x08001a52       0x2e Drivers/BSP/Components/hts221/hts221_reg.o
                0x08001a52                hts221_hum_adc_point_0_get
 .text.hts221_hum_adc_point_1_get
                0x08001a80       0x2e Drivers/BSP/Components/hts221/hts221_reg.o
                0x08001a80                hts221_hum_adc_point_1_get
 .text.hts221_temp_adc_point_0_get
                0x08001aae       0x2e Drivers/BSP/Components/hts221/hts221_reg.o
                0x08001aae                hts221_temp_adc_point_0_get
 .text.hts221_temp_adc_point_1_get
                0x08001adc       0x2e Drivers/BSP/Components/hts221/hts221_reg.o
                0x08001adc                hts221_temp_adc_point_1_get
 *fill*         0x08001b0a        0x2 
 .text.LPS22HB_GetCapabilities
                0x08001b0c       0x1c Drivers/BSP/Components/lps22hb/lps22hb.o
                0x08001b0c                LPS22HB_GetCapabilities
 .text.LPS22HB_SetOutputDataRate_When_Disabled
                0x08001b28       0x58 Drivers/BSP/Components/lps22hb/lps22hb.o
 .text.ReadRegWrap
                0x08001b80       0x4a Drivers/BSP/Components/lps22hb/lps22hb.o
 .text.WriteRegWrap
                0x08001bca       0x4a Drivers/BSP/Components/lps22hb/lps22hb.o
 .text.LPS22HB_PRESS_Enable
                0x08001c14       0x30 Drivers/BSP/Components/lps22hb/lps22hb.o
                0x08001c14                LPS22HB_PRESS_Enable
 .text.LPS22HB_TEMP_Enable
                0x08001c44       0x30 Drivers/BSP/Components/lps22hb/lps22hb.o
                0x08001c44                LPS22HB_TEMP_Enable
 .text.LPS22HB_Initialize
                0x08001c74       0x7a Drivers/BSP/Components/lps22hb/lps22hb.o
 .text.LPS22HB_Init
                0x08001cee       0x22 Drivers/BSP/Components/lps22hb/lps22hb.o
                0x08001cee                LPS22HB_Init
 .text.LPS22HB_ReadID
                0x08001d10       0x16 Drivers/BSP/Components/lps22hb/lps22hb.o
                0x08001d10                LPS22HB_ReadID
 .text.LPS22HB_PRESS_Disable
                0x08001d26       0x44 Drivers/BSP/Components/lps22hb/lps22hb.o
                0x08001d26                LPS22HB_PRESS_Disable
 *fill*         0x08001d6a        0x2 
 .text.LPS22HB_GetOutputDataRate
                0x08001d6c       0x6c Drivers/BSP/Components/lps22hb/lps22hb.o
 .text.LPS22HB_PRESS_GetOutputDataRate
                0x08001dd8        0x8 Drivers/BSP/Components/lps22hb/lps22hb.o
                0x08001dd8                LPS22HB_PRESS_GetOutputDataRate
 .text.LPS22HB_TEMP_GetOutputDataRate
                0x08001de0        0x8 Drivers/BSP/Components/lps22hb/lps22hb.o
                0x08001de0                LPS22HB_TEMP_GetOutputDataRate
 .text.LPS22HB_SetOutputDataRate_When_Enabled
                0x08001de8       0x7c Drivers/BSP/Components/lps22hb/lps22hb.o
 .text.LPS22HB_PRESS_SetOutputDataRate
                0x08001e64       0x16 Drivers/BSP/Components/lps22hb/lps22hb.o
                0x08001e64                LPS22HB_PRESS_SetOutputDataRate
 .text.LPS22HB_TEMP_SetOutputDataRate
                0x08001e7a       0x16 Drivers/BSP/Components/lps22hb/lps22hb.o
                0x08001e7a                LPS22HB_TEMP_SetOutputDataRate
 .text.LPS22HB_TEMP_Disable
                0x08001e90       0x44 Drivers/BSP/Components/lps22hb/lps22hb.o
                0x08001e90                LPS22HB_TEMP_Disable
 .text.LPS22HB_DeInit
                0x08001ed4       0x30 Drivers/BSP/Components/lps22hb/lps22hb.o
                0x08001ed4                LPS22HB_DeInit
 .text.LPS22HB_PRESS_GetPressure
                0x08001f04       0x2c Drivers/BSP/Components/lps22hb/lps22hb.o
                0x08001f04                LPS22HB_PRESS_GetPressure
 .text.LPS22HB_TEMP_GetTemperature
                0x08001f30       0x30 Drivers/BSP/Components/lps22hb/lps22hb.o
                0x08001f30                LPS22HB_TEMP_GetTemperature
 .text.LPS22HB_Write_Reg
                0x08001f60       0x24 Drivers/BSP/Components/lps22hb/lps22hb.o
                0x08001f60                LPS22HB_Write_Reg
 .text.LPS22HB_RegisterBusIO
                0x08001f84       0x7c Drivers/BSP/Components/lps22hb/lps22hb.o
                0x08001f84                LPS22HB_RegisterBusIO
 .text.lps22hb_read_reg
                0x08002000        0xa Drivers/BSP/Components/lps22hb/lps22hb_reg.o
                0x08002000                lps22hb_read_reg
 .text.lps22hb_write_reg
                0x0800200a        0xa Drivers/BSP/Components/lps22hb/lps22hb_reg.o
                0x0800200a                lps22hb_write_reg
 .text.lps22hb_from_lsb_to_hpa
                0x08002014       0x18 Drivers/BSP/Components/lps22hb/lps22hb_reg.o
                0x08002014                lps22hb_from_lsb_to_hpa
 .text.lps22hb_from_lsb_to_degc
                0x0800202c       0x18 Drivers/BSP/Components/lps22hb/lps22hb_reg.o
                0x0800202c                lps22hb_from_lsb_to_degc
 .text.lps22hb_block_data_update_set
                0x08002044       0x38 Drivers/BSP/Components/lps22hb/lps22hb_reg.o
                0x08002044                lps22hb_block_data_update_set
 .text.lps22hb_low_pass_filter_mode_set
                0x0800207c       0x38 Drivers/BSP/Components/lps22hb/lps22hb_reg.o
                0x0800207c                lps22hb_low_pass_filter_mode_set
 .text.lps22hb_data_rate_set
                0x080020b4       0x38 Drivers/BSP/Components/lps22hb/lps22hb_reg.o
                0x080020b4                lps22hb_data_rate_set
 .text.lps22hb_data_rate_get
                0x080020ec       0x52 Drivers/BSP/Components/lps22hb/lps22hb_reg.o
                0x080020ec                lps22hb_data_rate_get
 .text.lps22hb_pressure_raw_get
                0x0800213e       0x2c Drivers/BSP/Components/lps22hb/lps22hb_reg.o
                0x0800213e                lps22hb_pressure_raw_get
 .text.lps22hb_temperature_raw_get
                0x0800216a       0x22 Drivers/BSP/Components/lps22hb/lps22hb_reg.o
                0x0800216a                lps22hb_temperature_raw_get
 .text.lps22hb_device_id_get
                0x0800218c        0xe Drivers/BSP/Components/lps22hb/lps22hb_reg.o
                0x0800218c                lps22hb_device_id_get
 .text.lps22hb_low_power_set
                0x0800219a       0x38 Drivers/BSP/Components/lps22hb/lps22hb_reg.o
                0x0800219a                lps22hb_low_power_set
 .text.lps22hb_auto_add_inc_set
                0x080021d2       0x38 Drivers/BSP/Components/lps22hb/lps22hb_reg.o
                0x080021d2                lps22hb_auto_add_inc_set
 *fill*         0x0800220a        0x2 
 .text.LSM303AGR_ACC_GetCapabilities
                0x0800220c       0x24 Drivers/BSP/Components/lsm303agr/lsm303agr.o
                0x0800220c                LSM303AGR_ACC_GetCapabilities
 .text.LSM303AGR_MAG_GetCapabilities
                0x08002230       0x24 Drivers/BSP/Components/lsm303agr/lsm303agr.o
                0x08002230                LSM303AGR_MAG_GetCapabilities
 .text.LSM303AGR_MAG_GetSensitivity
                0x08002254        0xa Drivers/BSP/Components/lsm303agr/lsm303agr.o
                0x08002254                LSM303AGR_MAG_GetSensitivity
 .text.LSM303AGR_MAG_GetFullScale
                0x0800225e        0x8 Drivers/BSP/Components/lsm303agr/lsm303agr.o
                0x0800225e                LSM303AGR_MAG_GetFullScale
 .text.LSM303AGR_MAG_SetFullScale
                0x08002266        0x4 Drivers/BSP/Components/lsm303agr/lsm303agr.o
                0x08002266                LSM303AGR_MAG_SetFullScale
 *fill*         0x0800226a        0x2 
 .text.LSM303AGR_ACC_SetOutputDataRate_When_Disabled
                0x0800226c       0x84 Drivers/BSP/Components/lsm303agr/lsm303agr.o
 .text.ReadAccRegWrap
                0x080022f0       0x1e Drivers/BSP/Components/lsm303agr/lsm303agr.o
 .text.WriteAccRegWrap
                0x0800230e       0x1e Drivers/BSP/Components/lsm303agr/lsm303agr.o
 .text.ReadMagRegWrap
                0x0800232c       0x1e Drivers/BSP/Components/lsm303agr/lsm303agr.o
 .text.WriteMagRegWrap
                0x0800234a       0x1e Drivers/BSP/Components/lsm303agr/lsm303agr.o
 .text.LSM303AGR_ACC_Enable
                0x08002368       0x30 Drivers/BSP/Components/lsm303agr/lsm303agr.o
                0x08002368                LSM303AGR_ACC_Enable
 .text.LSM303AGR_ACC_SetOutputDataRate_When_Enabled
                0x08002398       0x90 Drivers/BSP/Components/lsm303agr/lsm303agr.o
 .text.LSM303AGR_ACC_SetOutputDataRate
                0x08002428       0x16 Drivers/BSP/Components/lsm303agr/lsm303agr.o
                0x08002428                LSM303AGR_ACC_SetOutputDataRate
 .text.LSM303AGR_ACC_Init
                0x0800243e       0x5a Drivers/BSP/Components/lsm303agr/lsm303agr.o
                0x0800243e                LSM303AGR_ACC_Init
 .text.LSM303AGR_ACC_SetFullScale
                0x08002498       0x30 Drivers/BSP/Components/lsm303agr/lsm303agr.o
                0x08002498                LSM303AGR_ACC_SetFullScale
 .text.LSM303AGR_ACC_ReadID
                0x080024c8       0x16 Drivers/BSP/Components/lsm303agr/lsm303agr.o
                0x080024c8                LSM303AGR_ACC_ReadID
 .text.LSM303AGR_ACC_Disable
                0x080024de       0x40 Drivers/BSP/Components/lsm303agr/lsm303agr.o
                0x080024de                LSM303AGR_ACC_Disable
 .text.LSM303AGR_ACC_DeInit
                0x0800251e       0x20 Drivers/BSP/Components/lsm303agr/lsm303agr.o
                0x0800251e                LSM303AGR_ACC_DeInit
 *fill*         0x0800253e        0x2 
 .text.LSM303AGR_ACC_GetOutputDataRate
                0x08002540      0x114 Drivers/BSP/Components/lsm303agr/lsm303agr.o
                0x08002540                LSM303AGR_ACC_GetOutputDataRate
 .text.LSM303AGR_ACC_GetSensitivityHR
                0x08002654       0x5c Drivers/BSP/Components/lsm303agr/lsm303agr.o
 .text.LSM303AGR_ACC_GetSensitivityNM
                0x080026b0       0x5c Drivers/BSP/Components/lsm303agr/lsm303agr.o
 .text.LSM303AGR_ACC_GetSensitivityLP
                0x0800270c       0x5c Drivers/BSP/Components/lsm303agr/lsm303agr.o
 .text.LSM303AGR_ACC_GetSensitivity
                0x08002768       0x6e Drivers/BSP/Components/lsm303agr/lsm303agr.o
                0x08002768                LSM303AGR_ACC_GetSensitivity
 .text.LSM303AGR_ACC_GetFullScale
                0x080027d6       0x4c Drivers/BSP/Components/lsm303agr/lsm303agr.o
                0x080027d6                LSM303AGR_ACC_GetFullScale
 .text.LSM303AGR_ACC_GetAxesRaw
                0x08002822       0x72 Drivers/BSP/Components/lsm303agr/lsm303agr.o
                0x08002822                LSM303AGR_ACC_GetAxesRaw
 .text.LSM303AGR_ACC_GetAxes
                0x08002894       0x7e Drivers/BSP/Components/lsm303agr/lsm303agr.o
                0x08002894                LSM303AGR_ACC_GetAxes
 .text.LSM303AGR_MAG_Enable
                0x08002912       0x2e Drivers/BSP/Components/lsm303agr/lsm303agr.o
                0x08002912                LSM303AGR_MAG_Enable
 .text.LSM303AGR_MAG_Disable
                0x08002940       0x2c Drivers/BSP/Components/lsm303agr/lsm303agr.o
                0x08002940                LSM303AGR_MAG_Disable
 .text.LSM303AGR_MAG_DeInit
                0x0800296c       0x1c Drivers/BSP/Components/lsm303agr/lsm303agr.o
                0x0800296c                LSM303AGR_MAG_DeInit
 .text.LSM303AGR_MAG_SetOutputDataRate
                0x08002988       0x54 Drivers/BSP/Components/lsm303agr/lsm303agr.o
                0x08002988                LSM303AGR_MAG_SetOutputDataRate
 .text.LSM303AGR_MAG_Init
                0x080029dc       0x54 Drivers/BSP/Components/lsm303agr/lsm303agr.o
                0x080029dc                LSM303AGR_MAG_Init
 .text.LSM303AGR_MAG_ReadID
                0x08002a30       0x16 Drivers/BSP/Components/lsm303agr/lsm303agr.o
                0x08002a30                LSM303AGR_MAG_ReadID
 *fill*         0x08002a46        0x2 
 .text.LSM303AGR_MAG_GetOutputDataRate
                0x08002a48       0x5c Drivers/BSP/Components/lsm303agr/lsm303agr.o
                0x08002a48                LSM303AGR_MAG_GetOutputDataRate
 .text.LSM303AGR_MAG_GetAxesRaw
                0x08002aa4       0x30 Drivers/BSP/Components/lsm303agr/lsm303agr.o
                0x08002aa4                LSM303AGR_MAG_GetAxesRaw
 .text.LSM303AGR_MAG_GetAxes
                0x08002ad4       0x74 Drivers/BSP/Components/lsm303agr/lsm303agr.o
                0x08002ad4                LSM303AGR_MAG_GetAxes
 .text.LSM303AGR_ACC_Write_Reg
                0x08002b48       0x24 Drivers/BSP/Components/lsm303agr/lsm303agr.o
                0x08002b48                LSM303AGR_ACC_Write_Reg
 .text.LSM303AGR_ACC_RegisterBusIO
                0x08002b6c       0x7c Drivers/BSP/Components/lsm303agr/lsm303agr.o
                0x08002b6c                LSM303AGR_ACC_RegisterBusIO
 .text.LSM303AGR_MAG_RegisterBusIO
                0x08002be8       0x78 Drivers/BSP/Components/lsm303agr/lsm303agr.o
                0x08002be8                LSM303AGR_MAG_RegisterBusIO
 .text.lsm303agr_read_reg
                0x08002c60        0xa Drivers/BSP/Components/lsm303agr/lsm303agr_reg.o
                0x08002c60                lsm303agr_read_reg
 .text.lsm303agr_write_reg
                0x08002c6a        0xa Drivers/BSP/Components/lsm303agr/lsm303agr_reg.o
                0x08002c6a                lsm303agr_write_reg
 .text.lsm303agr_xl_operating_mode_get
                0x08002c74       0x50 Drivers/BSP/Components/lsm303agr/lsm303agr_reg.o
                0x08002c74                lsm303agr_xl_operating_mode_get
 .text.lsm303agr_xl_data_rate_set
                0x08002cc4       0x38 Drivers/BSP/Components/lsm303agr/lsm303agr_reg.o
                0x08002cc4                lsm303agr_xl_data_rate_set
 .text.lsm303agr_xl_data_rate_get
                0x08002cfc       0x6c Drivers/BSP/Components/lsm303agr/lsm303agr_reg.o
                0x08002cfc                lsm303agr_xl_data_rate_get
 .text.lsm303agr_xl_full_scale_set
                0x08002d68       0x38 Drivers/BSP/Components/lsm303agr/lsm303agr_reg.o
                0x08002d68                lsm303agr_xl_full_scale_set
 .text.lsm303agr_xl_full_scale_get
                0x08002da0       0x44 Drivers/BSP/Components/lsm303agr/lsm303agr_reg.o
                0x08002da0                lsm303agr_xl_full_scale_get
 .text.lsm303agr_xl_block_data_update_set
                0x08002de4       0x38 Drivers/BSP/Components/lsm303agr/lsm303agr_reg.o
                0x08002de4                lsm303agr_xl_block_data_update_set
 .text.lsm303agr_acceleration_raw_get
                0x08002e1c        0xe Drivers/BSP/Components/lsm303agr/lsm303agr_reg.o
                0x08002e1c                lsm303agr_acceleration_raw_get
 .text.lsm303agr_mag_operating_mode_set
                0x08002e2a       0x38 Drivers/BSP/Components/lsm303agr/lsm303agr_reg.o
                0x08002e2a                lsm303agr_mag_operating_mode_set
 .text.lsm303agr_mag_data_rate_set
                0x08002e62       0x38 Drivers/BSP/Components/lsm303agr/lsm303agr_reg.o
                0x08002e62                lsm303agr_mag_data_rate_set
 .text.lsm303agr_mag_data_rate_get
                0x08002e9a       0x44 Drivers/BSP/Components/lsm303agr/lsm303agr_reg.o
                0x08002e9a                lsm303agr_mag_data_rate_get
 .text.lsm303agr_mag_block_data_update_set
                0x08002ede       0x38 Drivers/BSP/Components/lsm303agr/lsm303agr_reg.o
                0x08002ede                lsm303agr_mag_block_data_update_set
 .text.lsm303agr_magnetic_raw_get
                0x08002f16        0xe Drivers/BSP/Components/lsm303agr/lsm303agr_reg.o
                0x08002f16                lsm303agr_magnetic_raw_get
 .text.lsm303agr_xl_device_id_get
                0x08002f24        0xe Drivers/BSP/Components/lsm303agr/lsm303agr_reg.o
                0x08002f24                lsm303agr_xl_device_id_get
 .text.lsm303agr_mag_device_id_get
                0x08002f32        0xe Drivers/BSP/Components/lsm303agr/lsm303agr_reg.o
                0x08002f32                lsm303agr_mag_device_id_get
 .text.lsm303agr_mag_self_test_set
                0x08002f40       0x38 Drivers/BSP/Components/lsm303agr/lsm303agr_reg.o
                0x08002f40                lsm303agr_mag_self_test_set
 .text.lsm303agr_xl_fifo_mode_set
                0x08002f78       0x38 Drivers/BSP/Components/lsm303agr/lsm303agr_reg.o
                0x08002f78                lsm303agr_xl_fifo_mode_set
 .text.lsm303agr_mag_i2c_interface_set
                0x08002fb0       0x38 Drivers/BSP/Components/lsm303agr/lsm303agr_reg.o
                0x08002fb0                lsm303agr_mag_i2c_interface_set
 .text.LSM6DSL_GetCapabilities
                0x08002fe8       0x28 Drivers/BSP/Components/lsm6dsl/lsm6dsl.o
                0x08002fe8                LSM6DSL_GetCapabilities
 .text.LSM6DSL_ACC_SetOutputDataRate_When_Disabled
                0x08003010       0xc8 Drivers/BSP/Components/lsm6dsl/lsm6dsl.o
 .text.LSM6DSL_GYRO_SetOutputDataRate_When_Disabled
                0x080030d8       0xc8 Drivers/BSP/Components/lsm6dsl/lsm6dsl.o
 .text.ReadRegWrap
                0x080031a0        0xa Drivers/BSP/Components/lsm6dsl/lsm6dsl.o
 .text.WriteRegWrap
                0x080031aa        0xa Drivers/BSP/Components/lsm6dsl/lsm6dsl.o
 .text.LSM6DSL_ACC_Enable
                0x080031b4       0x30 Drivers/BSP/Components/lsm6dsl/lsm6dsl.o
                0x080031b4                LSM6DSL_ACC_Enable
 .text.LSM6DSL_ACC_SetOutputDataRate_When_Enabled
                0x080031e4       0xd8 Drivers/BSP/Components/lsm6dsl/lsm6dsl.o
 .text.LSM6DSL_ACC_SetOutputDataRate
                0x080032bc       0x16 Drivers/BSP/Components/lsm6dsl/lsm6dsl.o
                0x080032bc                LSM6DSL_ACC_SetOutputDataRate
 .text.LSM6DSL_ACC_SetFullScale
                0x080032d2       0x30 Drivers/BSP/Components/lsm6dsl/lsm6dsl.o
                0x080032d2                LSM6DSL_ACC_SetFullScale
 .text.LSM6DSL_GYRO_Enable
                0x08003302       0x30 Drivers/BSP/Components/lsm6dsl/lsm6dsl.o
                0x08003302                LSM6DSL_GYRO_Enable
 *fill*         0x08003332        0x2 
 .text.LSM6DSL_GYRO_SetOutputDataRate_When_Enabled
                0x08003334       0xd8 Drivers/BSP/Components/lsm6dsl/lsm6dsl.o
 .text.LSM6DSL_GYRO_SetOutputDataRate
                0x0800340c       0x16 Drivers/BSP/Components/lsm6dsl/lsm6dsl.o
                0x0800340c                LSM6DSL_GYRO_SetOutputDataRate
 .text.LSM6DSL_Init
                0x08003422       0x90 Drivers/BSP/Components/lsm6dsl/lsm6dsl.o
                0x08003422                LSM6DSL_Init
 .text.LSM6DSL_GYRO_SetFullScale
                0x080034b2       0x3c Drivers/BSP/Components/lsm6dsl/lsm6dsl.o
                0x080034b2                LSM6DSL_GYRO_SetFullScale
 .text.LSM6DSL_ReadID
                0x080034ee       0x16 Drivers/BSP/Components/lsm6dsl/lsm6dsl.o
                0x080034ee                LSM6DSL_ReadID
 .text.LSM6DSL_ACC_Disable
                0x08003504       0x40 Drivers/BSP/Components/lsm6dsl/lsm6dsl.o
                0x08003504                LSM6DSL_ACC_Disable
 .text.LSM6DSL_ACC_GetOutputDataRate
                0x08003544       0xb4 Drivers/BSP/Components/lsm6dsl/lsm6dsl.o
                0x08003544                LSM6DSL_ACC_GetOutputDataRate
 .text.LSM6DSL_ACC_GetSensitivity
                0x080035f8       0x5c Drivers/BSP/Components/lsm6dsl/lsm6dsl.o
                0x080035f8                LSM6DSL_ACC_GetSensitivity
 .text.LSM6DSL_ACC_GetFullScale
                0x08003654       0x4c Drivers/BSP/Components/lsm6dsl/lsm6dsl.o
                0x08003654                LSM6DSL_ACC_GetFullScale
 .text.LSM6DSL_ACC_GetAxesRaw
                0x080036a0       0x30 Drivers/BSP/Components/lsm6dsl/lsm6dsl.o
                0x080036a0                LSM6DSL_ACC_GetAxesRaw
 .text.LSM6DSL_ACC_GetAxes
                0x080036d0       0x80 Drivers/BSP/Components/lsm6dsl/lsm6dsl.o
                0x080036d0                LSM6DSL_ACC_GetAxes
 .text.LSM6DSL_GYRO_Disable
                0x08003750       0x40 Drivers/BSP/Components/lsm6dsl/lsm6dsl.o
                0x08003750                LSM6DSL_GYRO_Disable
 .text.LSM6DSL_DeInit
                0x08003790       0x32 Drivers/BSP/Components/lsm6dsl/lsm6dsl.o
                0x08003790                LSM6DSL_DeInit
 *fill*         0x080037c2        0x2 
 .text.LSM6DSL_GYRO_GetOutputDataRate
                0x080037c4       0xa8 Drivers/BSP/Components/lsm6dsl/lsm6dsl.o
                0x080037c4                LSM6DSL_GYRO_GetOutputDataRate
 .text.LSM6DSL_GYRO_GetSensitivity
                0x0800386c       0x6c Drivers/BSP/Components/lsm6dsl/lsm6dsl.o
                0x0800386c                LSM6DSL_GYRO_GetSensitivity
 .text.LSM6DSL_GYRO_GetFullScale
                0x080038d8       0x5c Drivers/BSP/Components/lsm6dsl/lsm6dsl.o
                0x080038d8                LSM6DSL_GYRO_GetFullScale
 .text.LSM6DSL_GYRO_GetAxesRaw
                0x08003934       0x30 Drivers/BSP/Components/lsm6dsl/lsm6dsl.o
                0x08003934                LSM6DSL_GYRO_GetAxesRaw
 .text.LSM6DSL_GYRO_GetAxes
                0x08003964       0x7c Drivers/BSP/Components/lsm6dsl/lsm6dsl.o
                0x08003964                LSM6DSL_GYRO_GetAxes
 .text.LSM6DSL_Write_Reg
                0x080039e0       0x24 Drivers/BSP/Components/lsm6dsl/lsm6dsl.o
                0x080039e0                LSM6DSL_Write_Reg
 .text.LSM6DSL_RegisterBusIO
                0x08003a04       0x7c Drivers/BSP/Components/lsm6dsl/lsm6dsl.o
                0x08003a04                LSM6DSL_RegisterBusIO
 .text.lsm6dsl_read_reg
                0x08003a80        0xa Drivers/BSP/Components/lsm6dsl/lsm6dsl_reg.o
                0x08003a80                lsm6dsl_read_reg
 .text.lsm6dsl_write_reg
                0x08003a8a        0xa Drivers/BSP/Components/lsm6dsl/lsm6dsl_reg.o
                0x08003a8a                lsm6dsl_write_reg
 .text.lsm6dsl_xl_full_scale_set
                0x08003a94       0x38 Drivers/BSP/Components/lsm6dsl/lsm6dsl_reg.o
                0x08003a94                lsm6dsl_xl_full_scale_set
 .text.lsm6dsl_xl_full_scale_get
                0x08003acc       0x44 Drivers/BSP/Components/lsm6dsl/lsm6dsl_reg.o
                0x08003acc                lsm6dsl_xl_full_scale_get
 .text.lsm6dsl_xl_data_rate_set
                0x08003b10       0x38 Drivers/BSP/Components/lsm6dsl/lsm6dsl_reg.o
                0x08003b10                lsm6dsl_xl_data_rate_set
 .text.lsm6dsl_xl_data_rate_get
                0x08003b48       0x7a Drivers/BSP/Components/lsm6dsl/lsm6dsl_reg.o
                0x08003b48                lsm6dsl_xl_data_rate_get
 .text.lsm6dsl_gy_full_scale_set
                0x08003bc2       0x38 Drivers/BSP/Components/lsm6dsl/lsm6dsl_reg.o
                0x08003bc2                lsm6dsl_gy_full_scale_set
 .text.lsm6dsl_gy_full_scale_get
                0x08003bfa       0x4e Drivers/BSP/Components/lsm6dsl/lsm6dsl_reg.o
                0x08003bfa                lsm6dsl_gy_full_scale_get
 .text.lsm6dsl_gy_data_rate_set
                0x08003c48       0x38 Drivers/BSP/Components/lsm6dsl/lsm6dsl_reg.o
                0x08003c48                lsm6dsl_gy_data_rate_set
 .text.lsm6dsl_gy_data_rate_get
                0x08003c80       0x74 Drivers/BSP/Components/lsm6dsl/lsm6dsl_reg.o
                0x08003c80                lsm6dsl_gy_data_rate_get
 .text.lsm6dsl_block_data_update_set
                0x08003cf4       0x38 Drivers/BSP/Components/lsm6dsl/lsm6dsl_reg.o
                0x08003cf4                lsm6dsl_block_data_update_set
 .text.lsm6dsl_angular_rate_raw_get
                0x08003d2c        0xe Drivers/BSP/Components/lsm6dsl/lsm6dsl_reg.o
                0x08003d2c                lsm6dsl_angular_rate_raw_get
 .text.lsm6dsl_acceleration_raw_get
                0x08003d3a        0xe Drivers/BSP/Components/lsm6dsl/lsm6dsl_reg.o
                0x08003d3a                lsm6dsl_acceleration_raw_get
 .text.lsm6dsl_device_id_get
                0x08003d48        0xe Drivers/BSP/Components/lsm6dsl/lsm6dsl_reg.o
                0x08003d48                lsm6dsl_device_id_get
 .text.lsm6dsl_auto_increment_set
                0x08003d56       0x38 Drivers/BSP/Components/lsm6dsl/lsm6dsl_reg.o
                0x08003d56                lsm6dsl_auto_increment_set
 .text.lsm6dsl_fifo_mode_set
                0x08003d8e       0x38 Drivers/BSP/Components/lsm6dsl/lsm6dsl_reg.o
                0x08003d8e                lsm6dsl_fifo_mode_set
 *fill*         0x08003dc6        0x2 
 .text.HTS221_0_Probe
                0x08003dc8      0x104 Drivers/BSP/IKS01A2/iks01a2_env_sensors.o
 .text.LPS22HB_0_Probe
                0x08003ecc      0x10c Drivers/BSP/IKS01A2/iks01a2_env_sensors.o
 .text.IKS01A2_ENV_SENSOR_Init
                0x08003fd8      0x120 Drivers/BSP/IKS01A2/iks01a2_env_sensors.o
                0x08003fd8                IKS01A2_ENV_SENSOR_Init
 .text.IKS01A2_ENV_SENSOR_GetCapabilities
                0x080040f8       0x34 Drivers/BSP/IKS01A2/iks01a2_env_sensors.o
                0x080040f8                IKS01A2_ENV_SENSOR_GetCapabilities
 .text.IKS01A2_ENV_SENSOR_ReadID
                0x0800412c       0x34 Drivers/BSP/IKS01A2/iks01a2_env_sensors.o
                0x0800412c                IKS01A2_ENV_SENSOR_ReadID
 .text.IKS01A2_ENV_SENSOR_GetOutputDataRate
                0x08004160       0x5c Drivers/BSP/IKS01A2/iks01a2_env_sensors.o
                0x08004160                IKS01A2_ENV_SENSOR_GetOutputDataRate
 .text.IKS01A2_ENV_SENSOR_GetValue
                0x080041bc       0x5c Drivers/BSP/IKS01A2/iks01a2_env_sensors.o
                0x080041bc                IKS01A2_ENV_SENSOR_GetValue
 .text.LSM6DSL_0_Probe
                0x08004218      0x104 Drivers/BSP/IKS01A2/iks01a2_motion_sensors.o
 .text.LSM303AGR_ACC_0_Probe
                0x0800431c       0xec Drivers/BSP/IKS01A2/iks01a2_motion_sensors.o
 .text.LSM303AGR_MAG_0_Probe
                0x08004408       0xec Drivers/BSP/IKS01A2/iks01a2_motion_sensors.o
 .text.IKS01A2_MOTION_SENSOR_Init
                0x080044f4      0x184 Drivers/BSP/IKS01A2/iks01a2_motion_sensors.o
                0x080044f4                IKS01A2_MOTION_SENSOR_Init
 .text.IKS01A2_MOTION_SENSOR_GetCapabilities
                0x08004678       0x34 Drivers/BSP/IKS01A2/iks01a2_motion_sensors.o
                0x08004678                IKS01A2_MOTION_SENSOR_GetCapabilities
 .text.IKS01A2_MOTION_SENSOR_ReadID
                0x080046ac       0x34 Drivers/BSP/IKS01A2/iks01a2_motion_sensors.o
                0x080046ac                IKS01A2_MOTION_SENSOR_ReadID
 .text.IKS01A2_MOTION_SENSOR_GetAxes
                0x080046e0       0x60 Drivers/BSP/IKS01A2/iks01a2_motion_sensors.o
                0x080046e0                IKS01A2_MOTION_SENSOR_GetAxes
 .text.IKS01A2_MOTION_SENSOR_GetOutputDataRate
                0x08004740       0x60 Drivers/BSP/IKS01A2/iks01a2_motion_sensors.o
                0x08004740                IKS01A2_MOTION_SENSOR_GetOutputDataRate
 .text.IKS01A2_MOTION_SENSOR_GetFullScale
                0x080047a0       0x60 Drivers/BSP/IKS01A2/iks01a2_motion_sensors.o
                0x080047a0                IKS01A2_MOTION_SENSOR_GetFullScale
 .text.LED_USER_GPIO_Init
                0x08004800       0x60 Drivers/BSP/STM32L4xx_Nucleo/stm32l4xx_nucleo.o
 .text.BUTTON_USER_GPIO_Init
                0x08004860       0x58 Drivers/BSP/STM32L4xx_Nucleo/stm32l4xx_nucleo.o
 .text.USART2_MspInit
                0x080048b8       0x68 Drivers/BSP/STM32L4xx_Nucleo/stm32l4xx_nucleo.o
 .text.BSP_LED_Init
                0x08004920        0xa Drivers/BSP/STM32L4xx_Nucleo/stm32l4xx_nucleo.o
                0x08004920                BSP_LED_Init
 *fill*         0x0800492a        0x2 
 .text.BSP_PB_Init
                0x0800492c       0x5c Drivers/BSP/STM32L4xx_Nucleo/stm32l4xx_nucleo.o
                0x0800492c                BSP_PB_Init
 .text.BSP_PB_GetState
                0x08004988       0x18 Drivers/BSP/STM32L4xx_Nucleo/stm32l4xx_nucleo.o
                0x08004988                BSP_PB_GetState
 .text.BUTTON_USER_EXTI_Callback
                0x080049a0        0xa Drivers/BSP/STM32L4xx_Nucleo/stm32l4xx_nucleo.o
 *fill*         0x080049aa        0x2 
 .text.MX_USART2_UART_Init
                0x080049ac       0x34 Drivers/BSP/STM32L4xx_Nucleo/stm32l4xx_nucleo.o
                0x080049ac                MX_USART2_UART_Init
 .text.BSP_COM_Init
                0x080049e0       0x3c Drivers/BSP/STM32L4xx_Nucleo/stm32l4xx_nucleo.o
                0x080049e0                BSP_COM_Init
 .text.__io_putchar
                0x08004a1c       0x2c Drivers/BSP/STM32L4xx_Nucleo/stm32l4xx_nucleo.o
                0x08004a1c                __io_putchar
 .text.HAL_InitTick
                0x08004a48       0x4c Drivers/STM32L4xx_HAL_Driver/Src/stm32l4xx_hal.o
                0x08004a48                HAL_InitTick
 .text.HAL_Init
                0x08004a94       0x2c Drivers/STM32L4xx_HAL_Driver/Src/stm32l4xx_hal.o
                0x08004a94                HAL_Init
 .text.HAL_IncTick
                0x08004ac0       0x18 Drivers/STM32L4xx_HAL_Driver/Src/stm32l4xx_hal.o
                0x08004ac0                HAL_IncTick
 .text.HAL_GetTick
                0x08004ad8        0xc Drivers/STM32L4xx_HAL_Driver/Src/stm32l4xx_hal.o
                0x08004ad8                HAL_GetTick
 .text.HAL_Delay
                0x08004ae4       0x28 Drivers/STM32L4xx_HAL_Driver/Src/stm32l4xx_hal.o
                0x08004ae4                HAL_Delay
 .text.HAL_NVIC_SetPriorityGrouping
                0x08004b0c       0x24 Drivers/STM32L4xx_HAL_Driver/Src/stm32l4xx_hal_cortex.o
                0x08004b0c                HAL_NVIC_SetPriorityGrouping
 .text.HAL_NVIC_SetPriority
                0x08004b30       0x68 Drivers/STM32L4xx_HAL_Driver/Src/stm32l4xx_hal_cortex.o
                0x08004b30                HAL_NVIC_SetPriority
 .text.HAL_NVIC_EnableIRQ
                0x08004b98       0x1c Drivers/STM32L4xx_HAL_Driver/Src/stm32l4xx_hal_cortex.o
                0x08004b98                HAL_NVIC_EnableIRQ
 .text.HAL_SYSTICK_Config
                0x08004bb4       0x2c Drivers/STM32L4xx_HAL_Driver/Src/stm32l4xx_hal_cortex.o
                0x08004bb4                HAL_SYSTICK_Config
 .text.HAL_EXTI_RegisterCallback
                0x08004be0        0xc Drivers/STM32L4xx_HAL_Driver/Src/stm32l4xx_hal_exti.o
                0x08004be0                HAL_EXTI_RegisterCallback
 .text.HAL_EXTI_GetHandle
                0x08004bec        0xc Drivers/STM32L4xx_HAL_Driver/Src/stm32l4xx_hal_exti.o
                0x08004bec                HAL_EXTI_GetHandle
 .text.HAL_EXTI_IRQHandler
                0x08004bf8       0x2c Drivers/STM32L4xx_HAL_Driver/Src/stm32l4xx_hal_exti.o
                0x08004bf8                HAL_EXTI_IRQHandler
 .text.HAL_GPIO_Init
                0x08004c24      0x1c8 Drivers/STM32L4xx_HAL_Driver/Src/stm32l4xx_hal_gpio.o
                0x08004c24                HAL_GPIO_Init
 .text.HAL_GPIO_DeInit
                0x08004dec      0x120 Drivers/STM32L4xx_HAL_Driver/Src/stm32l4xx_hal_gpio.o
                0x08004dec                HAL_GPIO_DeInit
 .text.HAL_GPIO_ReadPin
                0x08004f0c        0xe Drivers/STM32L4xx_HAL_Driver/Src/stm32l4xx_hal_gpio.o
                0x08004f0c                HAL_GPIO_ReadPin
 .text.HAL_GPIO_WritePin
                0x08004f1a        0xa Drivers/STM32L4xx_HAL_Driver/Src/stm32l4xx_hal_gpio.o
                0x08004f1a                HAL_GPIO_WritePin
 .text.HAL_GPIO_EXTI_Callback
                0x08004f24        0x2 Drivers/STM32L4xx_HAL_Driver/Src/stm32l4xx_hal_gpio.o
                0x08004f24                HAL_GPIO_EXTI_Callback
 *fill*         0x08004f26        0x2 
 .text.HAL_GPIO_EXTI_IRQHandler
                0x08004f28       0x1c Drivers/STM32L4xx_HAL_Driver/Src/stm32l4xx_hal_gpio.o
                0x08004f28                HAL_GPIO_EXTI_IRQHandler
 .text.I2C_Flush_TXDR
                0x08004f44       0x22 Drivers/STM32L4xx_HAL_Driver/Src/stm32l4xx_hal_i2c.o
 .text.I2C_TransferConfig
                0x08004f66       0x36 Drivers/STM32L4xx_HAL_Driver/Src/stm32l4xx_hal_i2c.o
 .text.I2C_IsAcknowledgeFailed
                0x08004f9c       0x90 Drivers/STM32L4xx_HAL_Driver/Src/stm32l4xx_hal_i2c.o
 .text.I2C_WaitOnTXISFlagUntilTimeout
                0x0800502c       0x56 Drivers/STM32L4xx_HAL_Driver/Src/stm32l4xx_hal_i2c.o
 .text.I2C_WaitOnFlagUntilTimeout
                0x08005082       0x52 Drivers/STM32L4xx_HAL_Driver/Src/stm32l4xx_hal_i2c.o
 .text.I2C_RequestMemoryWrite
                0x080050d4       0x70 Drivers/STM32L4xx_HAL_Driver/Src/stm32l4xx_hal_i2c.o
 .text.I2C_RequestMemoryRead
                0x08005144       0x70 Drivers/STM32L4xx_HAL_Driver/Src/stm32l4xx_hal_i2c.o
 .text.I2C_WaitOnSTOPFlagUntilTimeout
                0x080051b4       0x50 Drivers/STM32L4xx_HAL_Driver/Src/stm32l4xx_hal_i2c.o
 .text.HAL_I2C_MspInit
                0x08005204        0x2 Drivers/STM32L4xx_HAL_Driver/Src/stm32l4xx_hal_i2c.o
                0x08005204                HAL_I2C_MspInit
 .text.HAL_I2C_Init
                0x08005206       0xbc Drivers/STM32L4xx_HAL_Driver/Src/stm32l4xx_hal_i2c.o
                0x08005206                HAL_I2C_Init
 .text.HAL_I2C_MspDeInit
                0x080052c2        0x2 Drivers/STM32L4xx_HAL_Driver/Src/stm32l4xx_hal_i2c.o
                0x080052c2                HAL_I2C_MspDeInit
 .text.HAL_I2C_DeInit
                0x080052c4       0x32 Drivers/STM32L4xx_HAL_Driver/Src/stm32l4xx_hal_i2c.o
                0x080052c4                HAL_I2C_DeInit
 .text.HAL_I2C_Mem_Write
                0x080052f6      0x1a4 Drivers/STM32L4xx_HAL_Driver/Src/stm32l4xx_hal_i2c.o
                0x080052f6                HAL_I2C_Mem_Write
 *fill*         0x0800549a        0x2 
 .text.HAL_I2C_Mem_Read
                0x0800549c      0x1ac Drivers/STM32L4xx_HAL_Driver/Src/stm32l4xx_hal_i2c.o
                0x0800549c                HAL_I2C_Mem_Read
 .text.HAL_I2C_GetState
                0x08005648        0x6 Drivers/STM32L4xx_HAL_Driver/Src/stm32l4xx_hal_i2c.o
                0x08005648                HAL_I2C_GetState
 .text.HAL_I2C_GetError
                0x0800564e        0x4 Drivers/STM32L4xx_HAL_Driver/Src/stm32l4xx_hal_i2c.o
                0x0800564e                HAL_I2C_GetError
 .text.HAL_I2CEx_ConfigAnalogFilter
                0x08005652       0x5c Drivers/STM32L4xx_HAL_Driver/Src/stm32l4xx_hal_i2c_ex.o
                0x08005652                HAL_I2CEx_ConfigAnalogFilter
 .text.HAL_I2CEx_ConfigDigitalFilter
                0x080056ae       0x58 Drivers/STM32L4xx_HAL_Driver/Src/stm32l4xx_hal_i2c_ex.o
                0x080056ae                HAL_I2CEx_ConfigDigitalFilter
 *fill*         0x08005706        0x2 
 .text.HAL_PWREx_GetVoltageRange
                0x08005708       0x10 Drivers/STM32L4xx_HAL_Driver/Src/stm32l4xx_hal_pwr_ex.o
                0x08005708                HAL_PWREx_GetVoltageRange
 .text.HAL_PWREx_ControlVoltageScaling
                0x08005718       0x90 Drivers/STM32L4xx_HAL_Driver/Src/stm32l4xx_hal_pwr_ex.o
                0x08005718                HAL_PWREx_ControlVoltageScaling
 .text.RCC_SetFlashLatencyFromMSIRange
                0x080057a8       0x90 Drivers/STM32L4xx_HAL_Driver/Src/stm32l4xx_hal_rcc.o
 .text.HAL_RCC_GetSysClockFreq
                0x08005838       0xb4 Drivers/STM32L4xx_HAL_Driver/Src/stm32l4xx_hal_rcc.o
                0x08005838                HAL_RCC_GetSysClockFreq
 .text.HAL_RCC_OscConfig
                0x080058ec      0x638 Drivers/STM32L4xx_HAL_Driver/Src/stm32l4xx_hal_rcc.o
                0x080058ec                HAL_RCC_OscConfig
 .text.HAL_RCC_ClockConfig
                0x08005f24      0x158 Drivers/STM32L4xx_HAL_Driver/Src/stm32l4xx_hal_rcc.o
                0x08005f24                HAL_RCC_ClockConfig
 .text.HAL_RCC_GetHCLKFreq
                0x0800607c        0xc Drivers/STM32L4xx_HAL_Driver/Src/stm32l4xx_hal_rcc.o
                0x0800607c                HAL_RCC_GetHCLKFreq
 .text.HAL_RCC_GetPCLK1Freq
                0x08006088       0x24 Drivers/STM32L4xx_HAL_Driver/Src/stm32l4xx_hal_rcc.o
                0x08006088                HAL_RCC_GetPCLK1Freq
 .text.HAL_RCC_GetPCLK2Freq
                0x080060ac       0x24 Drivers/STM32L4xx_HAL_Driver/Src/stm32l4xx_hal_rcc.o
                0x080060ac                HAL_RCC_GetPCLK2Freq
 .text.RCCEx_PLLSAI1_Config
                0x080060d0      0x170 Drivers/STM32L4xx_HAL_Driver/Src/stm32l4xx_hal_rcc_ex.o
 .text.RCCEx_PLLSAI2_Config
                0x08006240      0x14c Drivers/STM32L4xx_HAL_Driver/Src/stm32l4xx_hal_rcc_ex.o
 .text.HAL_RCCEx_PeriphCLKConfig
                0x0800638c      0x450 Drivers/STM32L4xx_HAL_Driver/Src/stm32l4xx_hal_rcc_ex.o
                0x0800638c                HAL_RCCEx_PeriphCLKConfig
 .text.HAL_UART_MspInit
                0x080067dc        0x2 Drivers/STM32L4xx_HAL_Driver/Src/stm32l4xx_hal_uart.o
                0x080067dc                HAL_UART_MspInit
 *fill*         0x080067de        0x2 
 .text.UART_SetConfig
                0x080067e0      0x324 Drivers/STM32L4xx_HAL_Driver/Src/stm32l4xx_hal_uart.o
                0x080067e0                UART_SetConfig
 .text.UART_AdvFeatureConfig
                0x08006b04       0xca Drivers/STM32L4xx_HAL_Driver/Src/stm32l4xx_hal_uart.o
                0x08006b04                UART_AdvFeatureConfig
 .text.UART_WaitOnFlagUntilTimeout
                0x08006bce       0x9c Drivers/STM32L4xx_HAL_Driver/Src/stm32l4xx_hal_uart.o
                0x08006bce                UART_WaitOnFlagUntilTimeout
 .text.HAL_UART_Transmit
                0x08006c6a       0xd8 Drivers/STM32L4xx_HAL_Driver/Src/stm32l4xx_hal_uart.o
                0x08006c6a                HAL_UART_Transmit
 .text.UART_CheckIdleState
                0x08006d42       0x6c Drivers/STM32L4xx_HAL_Driver/Src/stm32l4xx_hal_uart.o
                0x08006d42                UART_CheckIdleState
 .text.HAL_UART_Init
                0x08006dae       0x62 Drivers/STM32L4xx_HAL_Driver/Src/stm32l4xx_hal_uart.o
                0x08006dae                HAL_UART_Init
 .text.floatToInt
                0x08006e10       0xbc MEMS/App/app_mems.o
 .text.MX_IKS01A2_DataLogTerminal_Init
                0x08006ecc      0x208 MEMS/App/app_mems.o
 .text.Accelero_Sensor_Handler
                0x080070d4      0x130 MEMS/App/app_mems.o
 .text.Gyro_Sensor_Handler
                0x08007204      0x130 MEMS/App/app_mems.o
 .text.Magneto_Sensor_Handler
                0x08007334      0x130 MEMS/App/app_mems.o
 .text.Hum_Sensor_Handler
                0x08007464       0xf0 MEMS/App/app_mems.o
 .text.Temp_Sensor_Handler
                0x08007554      0x100 MEMS/App/app_mems.o
 .text.Press_Sensor_Handler
                0x08007654       0xf0 MEMS/App/app_mems.o
 .text.MX_IKS01A2_DataLogTerminal_Process
                0x08007744       0xe0 MEMS/App/app_mems.o
 .text.MX_MEMS_Init
                0x08007824        0x8 MEMS/App/app_mems.o
                0x08007824                MX_MEMS_Init
 .text.MX_MEMS_Process
                0x0800782c        0x8 MEMS/App/app_mems.o
                0x0800782c                MX_MEMS_Process
 .text.BSP_PB_Callback
                0x08007834       0x10 MEMS/App/app_mems.o
                0x08007834                BSP_PB_Callback
 .text.Reset_Handler
                0x08007844       0x50 startup/startup_stm32l476xx.o
                0x08007844                Reset_Handler
 .text.Default_Handler
                0x08007894        0x2 startup/startup_stm32l476xx.o
                0x08007894                RTC_Alarm_IRQHandler
                0x08007894                EXTI2_IRQHandler
                0x08007894                TIM8_TRG_COM_IRQHandler
                0x08007894                TIM8_CC_IRQHandler
                0x08007894                TIM1_CC_IRQHandler
                0x08007894                TSC_IRQHandler
                0x08007894                TAMP_STAMP_IRQHandler
                0x08007894                EXTI3_IRQHandler
                0x08007894                LPTIM2_IRQHandler
                0x08007894                DFSDM1_FLT1_IRQHandler
                0x08007894                I2C3_ER_IRQHandler
                0x08007894                DFSDM1_FLT2_IRQHandler
                0x08007894                EXTI0_IRQHandler
                0x08007894                I2C2_EV_IRQHandler
                0x08007894                CAN1_RX0_IRQHandler
                0x08007894                FPU_IRQHandler
                0x08007894                TIM1_UP_TIM16_IRQHandler
                0x08007894                ADC1_2_IRQHandler
                0x08007894                SPI1_IRQHandler
                0x08007894                TIM6_DAC_IRQHandler
                0x08007894                TIM8_UP_IRQHandler
                0x08007894                DMA2_Channel2_IRQHandler
                0x08007894                DMA1_Channel4_IRQHandler
                0x08007894                SAI2_IRQHandler
                0x08007894                DFSDM1_FLT3_IRQHandler
                0x08007894                USART3_IRQHandler
                0x08007894                DMA1_Channel7_IRQHandler
                0x08007894                CAN1_RX1_IRQHandler
                0x08007894                LCD_IRQHandler
                0x08007894                UART5_IRQHandler
                0x08007894                ADC3_IRQHandler
                0x08007894                TIM4_IRQHandler
                0x08007894                DMA2_Channel1_IRQHandler
                0x08007894                QUADSPI_IRQHandler
                0x08007894                I2C1_EV_IRQHandler
                0x08007894                DMA1_Channel6_IRQHandler
                0x08007894                UART4_IRQHandler
                0x08007894                DMA2_Channel4_IRQHandler
                0x08007894                TIM3_IRQHandler
                0x08007894                RCC_IRQHandler
                0x08007894                DMA1_Channel1_IRQHandler
                0x08007894                Default_Handler
                0x08007894                DMA2_Channel7_IRQHandler
                0x08007894                TIM7_IRQHandler
                0x08007894                SDMMC1_IRQHandler
                0x08007894                TIM5_IRQHandler
                0x08007894                I2C3_EV_IRQHandler
                0x08007894                RTC_WKUP_IRQHandler
                0x08007894                PVD_PVM_IRQHandler
                0x08007894                SPI2_IRQHandler
                0x08007894                CAN1_TX_IRQHandler
                0x08007894                DMA2_Channel5_IRQHandler
                0x08007894                DMA1_Channel5_IRQHandler
                0x08007894                RNG_IRQHandler
                0x08007894                TIM1_TRG_COM_TIM17_IRQHandler
                0x08007894                DMA1_Channel3_IRQHandler
                0x08007894                COMP_IRQHandler
                0x08007894                WWDG_IRQHandler
                0x08007894                LPUART1_IRQHandler
                0x08007894                DMA2_Channel6_IRQHandler
                0x08007894                TIM2_IRQHandler
                0x08007894                EXTI1_IRQHandler
                0x08007894                USART2_IRQHandler
                0x08007894                DFSDM1_FLT0_IRQHandler
                0x08007894                I2C2_ER_IRQHandler
                0x08007894                DMA1_Channel2_IRQHandler
                0x08007894                TIM8_BRK_IRQHandler
                0x08007894                CAN1_SCE_IRQHandler
                0x08007894                FLASH_IRQHandler
                0x08007894                USART1_IRQHandler
                0x08007894                OTG_FS_IRQHandler
                0x08007894                SPI3_IRQHandler
                0x08007894                I2C1_ER_IRQHandler
                0x08007894                FMC_IRQHandler
                0x08007894                SWPMI1_IRQHandler
                0x08007894                LPTIM1_IRQHandler
                0x08007894                SAI1_IRQHandler
                0x08007894                DMA2_Channel3_IRQHandler
                0x08007894                TIM1_BRK_TIM15_IRQHandler
 *fill*         0x08007896        0x2 
 .text.pow      0x08007898      0x338 c:/ac6/systemworkbench/plugins/fr.ac6.mcu.externaltools.arm-none.win32_1.17.0.201812190825/tools/compiler/bin/../lib/gcc/arm-none-eabi/7.3.1/../../../../arm-none-eabi/lib/thumb/v7e-m/fpv4-sp/hard\libm.a(lib_a-w_pow.o)
                0x08007898                pow
 .text.__ieee754_pow
                0x08007bd0      0xab8 c:/ac6/systemworkbench/plugins/fr.ac6.mcu.externaltools.arm-none.win32_1.17.0.201812190825/tools/compiler/bin/../lib/gcc/arm-none-eabi/7.3.1/../../../../arm-none-eabi/lib/thumb/v7e-m/fpv4-sp/hard\libm.a(lib_a-e_pow.o)
                0x08007bd0                __ieee754_pow
 .text.__ieee754_sqrt
                0x08008688      0x194 c:/ac6/systemworkbench/plugins/fr.ac6.mcu.externaltools.arm-none.win32_1.17.0.201812190825/tools/compiler/bin/../lib/gcc/arm-none-eabi/7.3.1/../../../../arm-none-eabi/lib/thumb/v7e-m/fpv4-sp/hard\libm.a(lib_a-e_sqrt.o)
                0x08008688                __ieee754_sqrt
 .text.fabs     0x0800881c       0x14 c:/ac6/systemworkbench/plugins/fr.ac6.mcu.externaltools.arm-none.win32_1.17.0.201812190825/tools/compiler/bin/../lib/gcc/arm-none-eabi/7.3.1/../../../../arm-none-eabi/lib/thumb/v7e-m/fpv4-sp/hard\libm.a(lib_a-s_fabs.o)
                0x0800881c                fabs
 .text.finite   0x08008830       0x10 c:/ac6/systemworkbench/plugins/fr.ac6.mcu.externaltools.arm-none.win32_1.17.0.201812190825/tools/compiler/bin/../lib/gcc/arm-none-eabi/7.3.1/../../../../arm-none-eabi/lib/thumb/v7e-m/fpv4-sp/hard\libm.a(lib_a-s_finite.o)
                0x08008830                finite
 .text.matherr  0x08008840        0x4 c:/ac6/systemworkbench/plugins/fr.ac6.mcu.externaltools.arm-none.win32_1.17.0.201812190825/tools/compiler/bin/../lib/gcc/arm-none-eabi/7.3.1/../../../../arm-none-eabi/lib/thumb/v7e-m/fpv4-sp/hard\libm.a(lib_a-s_matherr.o)
                0x08008840                matherr
 *fill*         0x08008844        0x4 
 .text.nan      0x08008848       0x10 c:/ac6/systemworkbench/plugins/fr.ac6.mcu.externaltools.arm-none.win32_1.17.0.201812190825/tools/compiler/bin/../lib/gcc/arm-none-eabi/7.3.1/../../../../arm-none-eabi/lib/thumb/v7e-m/fpv4-sp/hard\libm.a(lib_a-s_nan.o)
                0x08008848                nan
 .text.rint     0x08008858      0x110 c:/ac6/systemworkbench/plugins/fr.ac6.mcu.externaltools.arm-none.win32_1.17.0.201812190825/tools/compiler/bin/../lib/gcc/arm-none-eabi/7.3.1/../../../../arm-none-eabi/lib/thumb/v7e-m/fpv4-sp/hard\libm.a(lib_a-s_rint.o)
                0x08008858                rint
 .text.scalbn   0x08008968      0x114 c:/ac6/systemworkbench/plugins/fr.ac6.mcu.externaltools.arm-none.win32_1.17.0.201812190825/tools/compiler/bin/../lib/gcc/arm-none-eabi/7.3.1/../../../../arm-none-eabi/lib/thumb/v7e-m/fpv4-sp/hard\libm.a(lib_a-s_scalbn.o)
                0x08008968                scalbn
 .text.copysign
                0x08008a7c       0x1c c:/ac6/systemworkbench/plugins/fr.ac6.mcu.externaltools.arm-none.win32_1.17.0.201812190825/tools/compiler/bin/../lib/gcc/arm-none-eabi/7.3.1/../../../../arm-none-eabi/lib/thumb/v7e-m/fpv4-sp/hard\libm.a(lib_a-s_copysign.o)
                0x08008a7c                copysign
 .text.__errno  0x08008a98        0xc c:/ac6/systemworkbench/plugins/fr.ac6.mcu.externaltools.arm-none.win32_1.17.0.201812190825/tools/compiler/bin/../lib/gcc/arm-none-eabi/7.3.1/../../../../arm-none-eabi/lib/thumb/v7e-m/fpv4-sp/hard\libc_nano.a(lib_a-errno.o)
                0x08008a98                __errno
 .text.__libc_init_array
                0x08008aa4       0x48 c:/ac6/systemworkbench/plugins/fr.ac6.mcu.externaltools.arm-none.win32_1.17.0.201812190825/tools/compiler/bin/../lib/gcc/arm-none-eabi/7.3.1/../../../../arm-none-eabi/lib/thumb/v7e-m/fpv4-sp/hard\libc_nano.a(lib_a-init.o)
                0x08008aa4                __libc_init_array
 .text.memset   0x08008aec       0x10 c:/ac6/systemworkbench/plugins/fr.ac6.mcu.externaltools.arm-none.win32_1.17.0.201812190825/tools/compiler/bin/../lib/gcc/arm-none-eabi/7.3.1/../../../../arm-none-eabi/lib/thumb/v7e-m/fpv4-sp/hard\libc_nano.a(lib_a-memset.o)
                0x08008aec                memset
 .text.printf   0x08008afc       0x30 c:/ac6/systemworkbench/plugins/fr.ac6.mcu.externaltools.arm-none.win32_1.17.0.201812190825/tools/compiler/bin/../lib/gcc/arm-none-eabi/7.3.1/../../../../arm-none-eabi/lib/thumb/v7e-m/fpv4-sp/hard\libc_nano.a(lib_a-printf.o)
                0x08008afc                iprintf
                0x08008afc                printf
 .text.snprintf
                0x08008b2c       0x68 c:/ac6/systemworkbench/plugins/fr.ac6.mcu.externaltools.arm-none.win32_1.17.0.201812190825/tools/compiler/bin/../lib/gcc/arm-none-eabi/7.3.1/../../../../arm-none-eabi/lib/thumb/v7e-m/fpv4-sp/hard\libc_nano.a(lib_a-snprintf.o)
                0x08008b2c                sniprintf
                0x08008b2c                snprintf
 .text.std      0x08008b94       0x48 c:/ac6/systemworkbench/plugins/fr.ac6.mcu.externaltools.arm-none.win32_1.17.0.201812190825/tools/compiler/bin/../lib/gcc/arm-none-eabi/7.3.1/../../../../arm-none-eabi/lib/thumb/v7e-m/fpv4-sp/hard\libc_nano.a(lib_a-findfp.o)
 .text._cleanup_r
                0x08008bdc        0xc c:/ac6/systemworkbench/plugins/fr.ac6.mcu.externaltools.arm-none.win32_1.17.0.201812190825/tools/compiler/bin/../lib/gcc/arm-none-eabi/7.3.1/../../../../arm-none-eabi/lib/thumb/v7e-m/fpv4-sp/hard\libc_nano.a(lib_a-findfp.o)
                0x08008bdc                _cleanup_r
 .text.__sfmoreglue
                0x08008be8       0x2c c:/ac6/systemworkbench/plugins/fr.ac6.mcu.externaltools.arm-none.win32_1.17.0.201812190825/tools/compiler/bin/../lib/gcc/arm-none-eabi/7.3.1/../../../../arm-none-eabi/lib/thumb/v7e-m/fpv4-sp/hard\libc_nano.a(lib_a-findfp.o)
                0x08008be8                __sfmoreglue
 .text.__sinit  0x08008c14       0x60 c:/ac6/systemworkbench/plugins/fr.ac6.mcu.externaltools.arm-none.win32_1.17.0.201812190825/tools/compiler/bin/../lib/gcc/arm-none-eabi/7.3.1/../../../../arm-none-eabi/lib/thumb/v7e-m/fpv4-sp/hard\libc_nano.a(lib_a-findfp.o)
                0x08008c14                __sinit
 .text.__sfp    0x08008c74       0x78 c:/ac6/systemworkbench/plugins/fr.ac6.mcu.externaltools.arm-none.win32_1.17.0.201812190825/tools/compiler/bin/../lib/gcc/arm-none-eabi/7.3.1/../../../../arm-none-eabi/lib/thumb/v7e-m/fpv4-sp/hard\libc_nano.a(lib_a-findfp.o)
                0x08008c74                __sfp
 .text._fwalk_reent
                0x08008cec       0x3c c:/ac6/systemworkbench/plugins/fr.ac6.mcu.externaltools.arm-none.win32_1.17.0.201812190825/tools/compiler/bin/../lib/gcc/arm-none-eabi/7.3.1/../../../../arm-none-eabi/lib/thumb/v7e-m/fpv4-sp/hard\libc_nano.a(lib_a-fwalk.o)
                0x08008cec                _fwalk_reent
 .text._malloc_r
                0x08008d28       0xb4 c:/ac6/systemworkbench/plugins/fr.ac6.mcu.externaltools.arm-none.win32_1.17.0.201812190825/tools/compiler/bin/../lib/gcc/arm-none-eabi/7.3.1/../../../../arm-none-eabi/lib/thumb/v7e-m/fpv4-sp/hard\libc_nano.a(lib_a-nano-mallocr.o)
                0x08008d28                _malloc_r
 .text.__ssputs_r
                0x08008ddc       0xb4 c:/ac6/systemworkbench/plugins/fr.ac6.mcu.externaltools.arm-none.win32_1.17.0.201812190825/tools/compiler/bin/../lib/gcc/arm-none-eabi/7.3.1/../../../../arm-none-eabi/lib/thumb/v7e-m/fpv4-sp/hard\libc_nano.a(lib_a-nano-svfprintf.o)
                0x08008ddc                __ssputs_r
 .text._svfprintf_r
                0x08008e90      0x1f0 c:/ac6/systemworkbench/plugins/fr.ac6.mcu.externaltools.arm-none.win32_1.17.0.201812190825/tools/compiler/bin/../lib/gcc/arm-none-eabi/7.3.1/../../../../arm-none-eabi/lib/thumb/v7e-m/fpv4-sp/hard\libc_nano.a(lib_a-nano-svfprintf.o)
                0x08008e90                _svfiprintf_r
                0x08008e90                _svfprintf_r
 .text.__sfputc_r
                0x08009080       0x2e c:/ac6/systemworkbench/plugins/fr.ac6.mcu.externaltools.arm-none.win32_1.17.0.201812190825/tools/compiler/bin/../lib/gcc/arm-none-eabi/7.3.1/../../../../arm-none-eabi/lib/thumb/v7e-m/fpv4-sp/hard\libc_nano.a(lib_a-nano-vfprintf.o)
 .text.__sfputs_r
                0x080090ae       0x24 c:/ac6/systemworkbench/plugins/fr.ac6.mcu.externaltools.arm-none.win32_1.17.0.201812190825/tools/compiler/bin/../lib/gcc/arm-none-eabi/7.3.1/../../../../arm-none-eabi/lib/thumb/v7e-m/fpv4-sp/hard\libc_nano.a(lib_a-nano-vfprintf.o)
                0x080090ae                __sfputs_r
 *fill*         0x080090d2        0x2 
 .text._vfprintf_r
                0x080090d4      0x22c c:/ac6/systemworkbench/plugins/fr.ac6.mcu.externaltools.arm-none.win32_1.17.0.201812190825/tools/compiler/bin/../lib/gcc/arm-none-eabi/7.3.1/../../../../arm-none-eabi/lib/thumb/v7e-m/fpv4-sp/hard\libc_nano.a(lib_a-nano-vfprintf.o)
                0x080090d4                _vfprintf_r
                0x080090d4                _vfiprintf_r
 .text._printf_common
                0x08009300       0xea c:/ac6/systemworkbench/plugins/fr.ac6.mcu.externaltools.arm-none.win32_1.17.0.201812190825/tools/compiler/bin/../lib/gcc/arm-none-eabi/7.3.1/../../../../arm-none-eabi/lib/thumb/v7e-m/fpv4-sp/hard\libc_nano.a(lib_a-nano-vfprintf_i.o)
                0x08009300                _printf_common
 *fill*         0x080093ea        0x2 
 .text._printf_i
                0x080093ec      0x224 c:/ac6/systemworkbench/plugins/fr.ac6.mcu.externaltools.arm-none.win32_1.17.0.201812190825/tools/compiler/bin/../lib/gcc/arm-none-eabi/7.3.1/../../../../arm-none-eabi/lib/thumb/v7e-m/fpv4-sp/hard\libc_nano.a(lib_a-nano-vfprintf_i.o)
                0x080093ec                _printf_i
 .text._sbrk_r  0x08009610       0x20 c:/ac6/systemworkbench/plugins/fr.ac6.mcu.externaltools.arm-none.win32_1.17.0.201812190825/tools/compiler/bin/../lib/gcc/arm-none-eabi/7.3.1/../../../../arm-none-eabi/lib/thumb/v7e-m/fpv4-sp/hard\libc_nano.a(lib_a-sbrkr.o)
                0x08009610                _sbrk_r
 .text.__sread  0x08009630       0x22 c:/ac6/systemworkbench/plugins/fr.ac6.mcu.externaltools.arm-none.win32_1.17.0.201812190825/tools/compiler/bin/../lib/gcc/arm-none-eabi/7.3.1/../../../../arm-none-eabi/lib/thumb/v7e-m/fpv4-sp/hard\libc_nano.a(lib_a-stdio.o)
                0x08009630                __sread
 .text.__swrite
                0x08009652       0x38 c:/ac6/systemworkbench/plugins/fr.ac6.mcu.externaltools.arm-none.win32_1.17.0.201812190825/tools/compiler/bin/../lib/gcc/arm-none-eabi/7.3.1/../../../../arm-none-eabi/lib/thumb/v7e-m/fpv4-sp/hard\libc_nano.a(lib_a-stdio.o)
                0x08009652                __swrite
 .text.__sseek  0x0800968a       0x24 c:/ac6/systemworkbench/plugins/fr.ac6.mcu.externaltools.arm-none.win32_1.17.0.201812190825/tools/compiler/bin/../lib/gcc/arm-none-eabi/7.3.1/../../../../arm-none-eabi/lib/thumb/v7e-m/fpv4-sp/hard\libc_nano.a(lib_a-stdio.o)
                0x0800968a                __sseek
 .text.__sclose
                0x080096ae        0x8 c:/ac6/systemworkbench/plugins/fr.ac6.mcu.externaltools.arm-none.win32_1.17.0.201812190825/tools/compiler/bin/../lib/gcc/arm-none-eabi/7.3.1/../../../../arm-none-eabi/lib/thumb/v7e-m/fpv4-sp/hard\libc_nano.a(lib_a-stdio.o)
                0x080096ae                __sclose
 *fill*         0x080096b6        0x2 
 .text.__swbuf_r
                0x080096b8       0xa4 c:/ac6/systemworkbench/plugins/fr.ac6.mcu.externaltools.arm-none.win32_1.17.0.201812190825/tools/compiler/bin/../lib/gcc/arm-none-eabi/7.3.1/../../../../arm-none-eabi/lib/thumb/v7e-m/fpv4-sp/hard\libc_nano.a(lib_a-wbuf.o)
                0x080096b8                __swbuf_r
 .text._write_r
                0x0800975c       0x24 c:/ac6/systemworkbench/plugins/fr.ac6.mcu.externaltools.arm-none.win32_1.17.0.201812190825/tools/compiler/bin/../lib/gcc/arm-none-eabi/7.3.1/../../../../arm-none-eabi/lib/thumb/v7e-m/fpv4-sp/hard\libc_nano.a(lib_a-writer.o)
                0x0800975c                _write_r
 .text.__swsetup_r
                0x08009780       0xdc c:/ac6/systemworkbench/plugins/fr.ac6.mcu.externaltools.arm-none.win32_1.17.0.201812190825/tools/compiler/bin/../lib/gcc/arm-none-eabi/7.3.1/../../../../arm-none-eabi/lib/thumb/v7e-m/fpv4-sp/hard\libc_nano.a(lib_a-wsetup.o)
                0x08009780                __swsetup_r
 .text._close_r
                0x0800985c       0x20 c:/ac6/systemworkbench/plugins/fr.ac6.mcu.externaltools.arm-none.win32_1.17.0.201812190825/tools/compiler/bin/../lib/gcc/arm-none-eabi/7.3.1/../../../../arm-none-eabi/lib/thumb/v7e-m/fpv4-sp/hard\libc_nano.a(lib_a-closer.o)
                0x0800985c                _close_r
 .text.__sflush_r
                0x0800987c      0x10c c:/ac6/systemworkbench/plugins/fr.ac6.mcu.externaltools.arm-none.win32_1.17.0.201812190825/tools/compiler/bin/../lib/gcc/arm-none-eabi/7.3.1/../../../../arm-none-eabi/lib/thumb/v7e-m/fpv4-sp/hard\libc_nano.a(lib_a-fflush.o)
                0x0800987c                __sflush_r
 .text._fflush_r
                0x08009988       0x54 c:/ac6/systemworkbench/plugins/fr.ac6.mcu.externaltools.arm-none.win32_1.17.0.201812190825/tools/compiler/bin/../lib/gcc/arm-none-eabi/7.3.1/../../../../arm-none-eabi/lib/thumb/v7e-m/fpv4-sp/hard\libc_nano.a(lib_a-fflush.o)
                0x08009988                _fflush_r
 .text._lseek_r
                0x080099dc       0x24 c:/ac6/systemworkbench/plugins/fr.ac6.mcu.externaltools.arm-none.win32_1.17.0.201812190825/tools/compiler/bin/../lib/gcc/arm-none-eabi/7.3.1/../../../../arm-none-eabi/lib/thumb/v7e-m/fpv4-sp/hard\libc_nano.a(lib_a-lseekr.o)
                0x080099dc                _lseek_r
 .text.__swhatbuf_r
                0x08009a00       0x48 c:/ac6/systemworkbench/plugins/fr.ac6.mcu.externaltools.arm-none.win32_1.17.0.201812190825/tools/compiler/bin/../lib/gcc/arm-none-eabi/7.3.1/../../../../arm-none-eabi/lib/thumb/v7e-m/fpv4-sp/hard\libc_nano.a(lib_a-makebuf.o)
                0x08009a00                __swhatbuf_r
 .text.__smakebuf_r
                0x08009a48       0x80 c:/ac6/systemworkbench/plugins/fr.ac6.mcu.externaltools.arm-none.win32_1.17.0.201812190825/tools/compiler/bin/../lib/gcc/arm-none-eabi/7.3.1/../../../../arm-none-eabi/lib/thumb/v7e-m/fpv4-sp/hard\libc_nano.a(lib_a-makebuf.o)
                0x08009a48                __smakebuf_r
 .text.memcpy   0x08009ac8       0x16 c:/ac6/systemworkbench/plugins/fr.ac6.mcu.externaltools.arm-none.win32_1.17.0.201812190825/tools/compiler/bin/../lib/gcc/arm-none-eabi/7.3.1/../../../../arm-none-eabi/lib/thumb/v7e-m/fpv4-sp/hard\libc_nano.a(lib_a-memcpy-stub.o)
                0x08009ac8                memcpy
 .text.memmove  0x08009ade       0x32 c:/ac6/systemworkbench/plugins/fr.ac6.mcu.externaltools.arm-none.win32_1.17.0.201812190825/tools/compiler/bin/../lib/gcc/arm-none-eabi/7.3.1/../../../../arm-none-eabi/lib/thumb/v7e-m/fpv4-sp/hard\libc_nano.a(lib_a-memmove.o)
                0x08009ade                memmove
 .text.__malloc_lock
                0x08009b10        0x2 c:/ac6/systemworkbench/plugins/fr.ac6.mcu.externaltools.arm-none.win32_1.17.0.201812190825/tools/compiler/bin/../lib/gcc/arm-none-eabi/7.3.1/../../../../arm-none-eabi/lib/thumb/v7e-m/fpv4-sp/hard\libc_nano.a(lib_a-mlock.o)
                0x08009b10                __malloc_lock
 .text.__malloc_unlock
                0x08009b12        0x2 c:/ac6/systemworkbench/plugins/fr.ac6.mcu.externaltools.arm-none.win32_1.17.0.201812190825/tools/compiler/bin/../lib/gcc/arm-none-eabi/7.3.1/../../../../arm-none-eabi/lib/thumb/v7e-m/fpv4-sp/hard\libc_nano.a(lib_a-mlock.o)
                0x08009b12                __malloc_unlock
 .text._free_r  0x08009b14       0x9c c:/ac6/systemworkbench/plugins/fr.ac6.mcu.externaltools.arm-none.win32_1.17.0.201812190825/tools/compiler/bin/../lib/gcc/arm-none-eabi/7.3.1/../../../../arm-none-eabi/lib/thumb/v7e-m/fpv4-sp/hard\libc_nano.a(lib_a-nano-freer.o)
                0x08009b14                _free_r
 .text._realloc_r
                0x08009bb0       0x4c c:/ac6/systemworkbench/plugins/fr.ac6.mcu.externaltools.arm-none.win32_1.17.0.201812190825/tools/compiler/bin/../lib/gcc/arm-none-eabi/7.3.1/../../../../arm-none-eabi/lib/thumb/v7e-m/fpv4-sp/hard\libc_nano.a(lib_a-nano-reallocr.o)
                0x08009bb0                _realloc_r
 .text._read_r  0x08009bfc       0x24 c:/ac6/systemworkbench/plugins/fr.ac6.mcu.externaltools.arm-none.win32_1.17.0.201812190825/tools/compiler/bin/../lib/gcc/arm-none-eabi/7.3.1/../../../../arm-none-eabi/lib/thumb/v7e-m/fpv4-sp/hard\libc_nano.a(lib_a-readr.o)
                0x08009bfc                _read_r
 .text._fstat_r
                0x08009c20       0x24 c:/ac6/systemworkbench/plugins/fr.ac6.mcu.externaltools.arm-none.win32_1.17.0.201812190825/tools/compiler/bin/../lib/gcc/arm-none-eabi/7.3.1/../../../../arm-none-eabi/lib/thumb/v7e-m/fpv4-sp/hard\libc_nano.a(lib_a-fstatr.o)
                0x08009c20                _fstat_r
 .text._isatty_r
                0x08009c44       0x20 c:/ac6/systemworkbench/plugins/fr.ac6.mcu.externaltools.arm-none.win32_1.17.0.201812190825/tools/compiler/bin/../lib/gcc/arm-none-eabi/7.3.1/../../../../arm-none-eabi/lib/thumb/v7e-m/fpv4-sp/hard\libc_nano.a(lib_a-isattyr.o)
                0x08009c44                _isatty_r
 .text._malloc_usable_size_r
                0x08009c64       0x10 c:/ac6/systemworkbench/plugins/fr.ac6.mcu.externaltools.arm-none.win32_1.17.0.201812190825/tools/compiler/bin/../lib/gcc/arm-none-eabi/7.3.1/../../../../arm-none-eabi/lib/thumb/v7e-m/fpv4-sp/hard\libc_nano.a(lib_a-nano-msizer.o)
                0x08009c64                _malloc_usable_size_r
 *(.glue_7)
 .glue_7        0x08009c74        0x0 linker stubs
 *(.glue_7t)
 .glue_7t       0x08009c74        0x0 linker stubs
 *(.eh_frame)
 .eh_frame      0x08009c74        0x0 c:/ac6/systemworkbench/plugins/fr.ac6.mcu.externaltools.arm-none.win32_1.17.0.201812190825/tools/compiler/bin/../lib/gcc/arm-none-eabi/7.3.1/thumb/v7e-m/fpv4-sp/hard/crtbegin.o
 *(.init)
 .init          0x08009c74        0x4 c:/ac6/systemworkbench/plugins/fr.ac6.mcu.externaltools.arm-none.win32_1.17.0.201812190825/tools/compiler/bin/../lib/gcc/arm-none-eabi/7.3.1/thumb/v7e-m/fpv4-sp/hard/crti.o
                0x08009c74                _init
 .init          0x08009c78        0x8 c:/ac6/systemworkbench/plugins/fr.ac6.mcu.externaltools.arm-none.win32_1.17.0.201812190825/tools/compiler/bin/../lib/gcc/arm-none-eabi/7.3.1/thumb/v7e-m/fpv4-sp/hard/crtn.o
 *(.fini)
 .fini          0x08009c80        0x4 c:/ac6/systemworkbench/plugins/fr.ac6.mcu.externaltools.arm-none.win32_1.17.0.201812190825/tools/compiler/bin/../lib/gcc/arm-none-eabi/7.3.1/thumb/v7e-m/fpv4-sp/hard/crti.o
                0x08009c80                _fini
 .fini          0x08009c84        0x8 c:/ac6/systemworkbench/plugins/fr.ac6.mcu.externaltools.arm-none.win32_1.17.0.201812190825/tools/compiler/bin/../lib/gcc/arm-none-eabi/7.3.1/thumb/v7e-m/fpv4-sp/hard/crtn.o
                0x08009c90                . = ALIGN (0x8)
 *fill*         0x08009c8c        0x4 
                0x08009c90                _etext = .

.vfp11_veneer   0x08009c90        0x0
 .vfp11_veneer  0x08009c90        0x0 linker stubs

.v4_bx          0x08009c90        0x0
 .v4_bx         0x08009c90        0x0 linker stubs

.iplt           0x08009c90        0x0
 .iplt          0x08009c90        0x0 c:/ac6/systemworkbench/plugins/fr.ac6.mcu.externaltools.arm-none.win32_1.17.0.201812190825/tools/compiler/bin/../lib/gcc/arm-none-eabi/7.3.1/thumb/v7e-m/fpv4-sp/hard/crtbegin.o

.rodata         0x08009c90      0x4f8
                0x08009c90                . = ALIGN (0x8)
 *(.rodata)
 .rodata        0x08009c90       0x48 Core/Src/system_stm32l4xx.o
                0x08009c90                MSIRangeTable
                0x08009cc0                AHBPrescTable
                0x08009cd0                APBPrescTable
 .rodata        0x08009cd8       0x14 Drivers/BSP/IKS01A2/iks01a2_env_sensors.o
 .rodata        0x08009cec       0x14 Drivers/BSP/IKS01A2/iks01a2_motion_sensors.o
 *(.rodata*)
 .rodata.str1.4
                0x08009d00      0x3db MEMS/App/app_mems.o
 *fill*         0x0800a0db        0x1 
 .rodata.pow.str1.4
                0x0800a0dc        0x4 c:/ac6/systemworkbench/plugins/fr.ac6.mcu.externaltools.arm-none.win32_1.17.0.201812190825/tools/compiler/bin/../lib/gcc/arm-none-eabi/7.3.1/../../../../arm-none-eabi/lib/thumb/v7e-m/fpv4-sp/hard\libm.a(lib_a-w_pow.o)
 .rodata.__ieee754_pow.str1.4
                0x0800a0e0        0x4 c:/ac6/systemworkbench/plugins/fr.ac6.mcu.externaltools.arm-none.win32_1.17.0.201812190825/tools/compiler/bin/../lib/gcc/arm-none-eabi/7.3.1/../../../../arm-none-eabi/lib/thumb/v7e-m/fpv4-sp/hard\libm.a(lib_a-e_pow.o)
                                  0x1 (size before relaxing)
 .rodata.TWO52  0x0800a0e0       0x10 c:/ac6/systemworkbench/plugins/fr.ac6.mcu.externaltools.arm-none.win32_1.17.0.201812190825/tools/compiler/bin/../lib/gcc/arm-none-eabi/7.3.1/../../../../arm-none-eabi/lib/thumb/v7e-m/fpv4-sp/hard\libm.a(lib_a-s_rint.o)
 .rodata._global_impure_ptr
                0x0800a0f0        0x4 c:/ac6/systemworkbench/plugins/fr.ac6.mcu.externaltools.arm-none.win32_1.17.0.201812190825/tools/compiler/bin/../lib/gcc/arm-none-eabi/7.3.1/../../../../arm-none-eabi/lib/thumb/v7e-m/fpv4-sp/hard\libc_nano.a(lib_a-impure.o)
                0x0800a0f0                _global_impure_ptr
 .rodata.__sf_fake_stderr
                0x0800a0f4       0x20 c:/ac6/systemworkbench/plugins/fr.ac6.mcu.externaltools.arm-none.win32_1.17.0.201812190825/tools/compiler/bin/../lib/gcc/arm-none-eabi/7.3.1/../../../../arm-none-eabi/lib/thumb/v7e-m/fpv4-sp/hard\libc_nano.a(lib_a-findfp.o)
                0x0800a0f4                __sf_fake_stderr
 .rodata.__sf_fake_stdin
                0x0800a114       0x20 c:/ac6/systemworkbench/plugins/fr.ac6.mcu.externaltools.arm-none.win32_1.17.0.201812190825/tools/compiler/bin/../lib/gcc/arm-none-eabi/7.3.1/../../../../arm-none-eabi/lib/thumb/v7e-m/fpv4-sp/hard\libc_nano.a(lib_a-findfp.o)
                0x0800a114                __sf_fake_stdin
 .rodata.__sf_fake_stdout
                0x0800a134       0x20 c:/ac6/systemworkbench/plugins/fr.ac6.mcu.externaltools.arm-none.win32_1.17.0.201812190825/tools/compiler/bin/../lib/gcc/arm-none-eabi/7.3.1/../../../../arm-none-eabi/lib/thumb/v7e-m/fpv4-sp/hard\libc_nano.a(lib_a-findfp.o)
                0x0800a134                __sf_fake_stdout
 .rodata._svfprintf_r.str1.1
                0x0800a154       0x11 c:/ac6/systemworkbench/plugins/fr.ac6.mcu.externaltools.arm-none.win32_1.17.0.201812190825/tools/compiler/bin/../lib/gcc/arm-none-eabi/7.3.1/../../../../arm-none-eabi/lib/thumb/v7e-m/fpv4-sp/hard\libc_nano.a(lib_a-nano-svfprintf.o)
 .rodata._vfprintf_r.str1.1
                0x0800a165       0x11 c:/ac6/systemworkbench/plugins/fr.ac6.mcu.externaltools.arm-none.win32_1.17.0.201812190825/tools/compiler/bin/../lib/gcc/arm-none-eabi/7.3.1/../../../../arm-none-eabi/lib/thumb/v7e-m/fpv4-sp/hard\libc_nano.a(lib_a-nano-vfprintf.o)
 .rodata._printf_i.str1.1
                0x0800a165       0x22 c:/ac6/systemworkbench/plugins/fr.ac6.mcu.externaltools.arm-none.win32_1.17.0.201812190825/tools/compiler/bin/../lib/gcc/arm-none-eabi/7.3.1/../../../../arm-none-eabi/lib/thumb/v7e-m/fpv4-sp/hard\libc_nano.a(lib_a-nano-vfprintf_i.o)
                0x0800a188                . = ALIGN (0x8)
 *fill*         0x0800a187        0x1 

.ARM.extab      0x0800a188        0x0
                0x0800a188                . = ALIGN (0x8)
 *(.ARM.extab* .gnu.linkonce.armextab.*)
                0x0800a188                . = ALIGN (0x8)

.ARM            0x0800a188        0x8
                0x0800a188                . = ALIGN (0x8)
                0x0800a188                __exidx_start = .
 *(.ARM.exidx*)
 .ARM.exidx     0x0800a188        0x8 c:/ac6/systemworkbench/plugins/fr.ac6.mcu.externaltools.arm-none.win32_1.17.0.201812190825/tools/compiler/bin/../lib/gcc/arm-none-eabi/7.3.1/thumb/v7e-m/fpv4-sp/hard\libgcc.a(_udivmoddi4.o)
                0x0800a190                __exidx_end = .
                0x0800a190                . = ALIGN (0x8)

.rel.dyn        0x0800a190        0x0
 .rel.iplt      0x0800a190        0x0 c:/ac6/systemworkbench/plugins/fr.ac6.mcu.externaltools.arm-none.win32_1.17.0.201812190825/tools/compiler/bin/../lib/gcc/arm-none-eabi/7.3.1/thumb/v7e-m/fpv4-sp/hard/crtbegin.o

.preinit_array  0x0800a190        0x0
                0x0800a190                . = ALIGN (0x8)
                0x0800a190                PROVIDE (__preinit_array_start = .)
 *(.preinit_array*)
                0x0800a190                PROVIDE (__preinit_array_end = .)
                0x0800a190                . = ALIGN (0x8)

.init_array     0x0800a190        0x8
                0x0800a190                . = ALIGN (0x8)
                0x0800a190                PROVIDE (__init_array_start = .)
 *(SORT_BY_NAME(.init_array.*))
 *(.init_array*)
 .init_array    0x0800a190        0x4 c:/ac6/systemworkbench/plugins/fr.ac6.mcu.externaltools.arm-none.win32_1.17.0.201812190825/tools/compiler/bin/../lib/gcc/arm-none-eabi/7.3.1/thumb/v7e-m/fpv4-sp/hard/crtbegin.o
                0x0800a194                PROVIDE (__init_array_end = .)
                0x0800a198                . = ALIGN (0x8)
 *fill*         0x0800a194        0x4 

.fini_array     0x0800a198        0x8
                0x0800a198                . = ALIGN (0x8)
                [!provide]                PROVIDE (__fini_array_start = .)
 *(SORT_BY_NAME(.fini_array.*))
 *(.fini_array*)
 .fini_array    0x0800a198        0x4 c:/ac6/systemworkbench/plugins/fr.ac6.mcu.externaltools.arm-none.win32_1.17.0.201812190825/tools/compiler/bin/../lib/gcc/arm-none-eabi/7.3.1/thumb/v7e-m/fpv4-sp/hard/crtbegin.o
                [!provide]                PROVIDE (__fini_array_end = .)
                0x0800a1a0                . = ALIGN (0x8)
 *fill*         0x0800a19c        0x4 
                0x0800a1a0                _sidata = LOADADDR (.data)

.data           0x20000000      0x1b0 load address 0x0800a1a0
                0x20000000                . = ALIGN (0x8)
                0x20000000                _sdata = .
 *(.data)
 .data          0x20000000        0x4 Core/Src/system_stm32l4xx.o
                0x20000000                SystemCoreClock
 .data          0x20000004       0x38 Drivers/BSP/Components/hts221/hts221.o
                0x20000004                HTS221_TEMP_Driver
                0x20000018                HTS221_HUM_Driver
                0x2000002c                HTS221_COMMON_Driver
 .data          0x2000003c       0x38 Drivers/BSP/Components/lps22hb/lps22hb.o
                0x2000003c                LPS22HB_TEMP_Driver
                0x20000050                LPS22HB_PRESS_Driver
                0x20000064                LPS22HB_COMMON_Driver
 .data          0x20000074       0x68 Drivers/BSP/Components/lsm303agr/lsm303agr.o
                0x20000074                LSM303AGR_MAG_Driver
                0x20000098                LSM303AGR_MAG_COMMON_Driver
                0x200000a8                LSM303AGR_ACC_Driver
                0x200000cc                LSM303AGR_ACC_COMMON_Driver
 .data          0x200000dc       0x58 Drivers/BSP/Components/lsm6dsl/lsm6dsl.o
                0x200000dc                LSM6DSL_GYRO_Driver
                0x20000100                LSM6DSL_ACC_Driver
                0x20000124                LSM6DSL_COMMON_Driver
 .data          0x20000134        0xc Drivers/BSP/STM32L4xx_Nucleo/stm32l4xx_nucleo.o
                0x20000134                hpb_exti
                0x2000013c                COM_USART
 .data          0x20000140        0x8 Drivers/STM32L4xx_HAL_Driver/Src/stm32l4xx_hal.o
                0x20000140                uwTickFreq
                0x20000144                uwTickPrio
 *(.data*)
 .data.__fdlib_version
                0x20000148        0x1 c:/ac6/systemworkbench/plugins/fr.ac6.mcu.externaltools.arm-none.win32_1.17.0.201812190825/tools/compiler/bin/../lib/gcc/arm-none-eabi/7.3.1/../../../../arm-none-eabi/lib/thumb/v7e-m/fpv4-sp/hard\libm.a(lib_a-s_lib_ver.o)
                0x20000148                __fdlib_version
 *fill*         0x20000149        0x3 
 .data._impure_ptr